Component: ARM Compiler 5.06 update 7 (build 960) Tool: armlink [4d3601]

==============================================================================

Section Cross References

    startup_stm32f103xb.o(RESET) refers to startup_stm32f103xb.o(STACK) for __initial_sp
    startup_stm32f103xb.o(RESET) refers to startup_stm32f103xb.o(.text) for Reset_Handler
    startup_stm32f103xb.o(RESET) refers to stm32f1xx_it.o(i.NMI_Handler) for NMI_Handler
    startup_stm32f103xb.o(RESET) refers to stm32f1xx_it.o(i.HardFault_Handler) for HardFault_Handler
    startup_stm32f103xb.o(RESET) refers to stm32f1xx_it.o(i.MemManage_Handler) for MemManage_Handler
    startup_stm32f103xb.o(RESET) refers to stm32f1xx_it.o(i.BusFault_Handler) for BusFault_Handler
    startup_stm32f103xb.o(RESET) refers to stm32f1xx_it.o(i.UsageFault_Handler) for UsageFault_Handler
    startup_stm32f103xb.o(RESET) refers to stm32f1xx_it.o(i.SVC_Handler) for SVC_Handler
    startup_stm32f103xb.o(RESET) refers to stm32f1xx_it.o(i.DebugMon_Handler) for DebugMon_Handler
    startup_stm32f103xb.o(RESET) refers to stm32f1xx_it.o(i.PendSV_Handler) for PendSV_Handler
    startup_stm32f103xb.o(RESET) refers to loop_it.o(i.SysTick_Handler) for SysTick_Handler
    startup_stm32f103xb.o(RESET) refers to loop_it.o(i.DMA1_Channel4_IRQHandler) for DMA1_Channel4_IRQHandler
    startup_stm32f103xb.o(RESET) refers to loop_it.o(i.DMA1_Channel5_IRQHandler) for DMA1_Channel5_IRQHandler
    startup_stm32f103xb.o(RESET) refers to loop_it.o(i.EXTI9_5_IRQHandler) for EXTI9_5_IRQHandler
    startup_stm32f103xb.o(RESET) refers to loop_it.o(i.TIM3_IRQHandler) for TIM3_IRQHandler
    startup_stm32f103xb.o(RESET) refers to loop_it.o(i.USART1_IRQHandler) for USART1_IRQHandler
    startup_stm32f103xb.o(.text) refers to system_stm32f1xx.o(i.SystemInit) for SystemInit
    startup_stm32f103xb.o(.text) refers to entry.o(.ARM.Collect$$$$00000000) for __main
    main.o(i.SystemClock_Config) refers to memseta.o(.text) for __aeabi_memclr4
    main.o(i.SystemClock_Config) refers to stm32f1xx_hal_rcc.o(i.HAL_RCC_OscConfig) for HAL_RCC_OscConfig
    main.o(i.SystemClock_Config) refers to stm32f1xx_hal_rcc.o(i.HAL_RCC_ClockConfig) for HAL_RCC_ClockConfig
    main.o(i.SystemClock_Config) refers to stm32f1xx_hal_rcc_ex.o(i.HAL_RCCEx_PeriphCLKConfig) for HAL_RCCEx_PeriphCLKConfig
    main.o(i.main) refers to stm32f1xx_hal.o(i.HAL_Init) for HAL_Init
    main.o(i.main) refers to main.o(i.SystemClock_Config) for SystemClock_Config
    main.o(i.main) refers to loop.o(i.loop) for loop
    adc.o(i.REIN_ADC_Init) refers to stm32f1xx_hal_gpio.o(i.HAL_GPIO_Init) for HAL_GPIO_Init
    adc.o(i.REIN_ADC_Init) refers to stm32f1xx_hal_dma.o(i.HAL_DMA_Init) for HAL_DMA_Init
    adc.o(i.REIN_ADC_Init) refers to main.o(i.Error_Handler) for Error_Handler
    adc.o(i.REIN_ADC_Init) refers to stm32f1xx_hal_adc.o(i.HAL_ADC_Init) for HAL_ADC_Init
    adc.o(i.REIN_ADC_Init) refers to stm32f1xx_hal_adc.o(i.HAL_ADC_ConfigChannel) for HAL_ADC_ConfigChannel
    adc.o(i.REIN_ADC_Init) refers to stm32f1xx_hal_adc_ex.o(i.HAL_ADCEx_Calibration_Start) for HAL_ADCEx_Calibration_Start
    adc.o(i.REIN_ADC_Init) refers to stm32f1xx_hal_adc.o(i.HAL_ADC_Start_DMA) for HAL_ADC_Start_DMA
    adc.o(i.REIN_ADC_Init) refers to adc.o(.bss) for .bss
    dma.o(i.REIN_DMA_Init) refers to stm32f1xx_hal_cortex.o(i.HAL_NVIC_EnableIRQ) for HAL_NVIC_EnableIRQ
    gpio.o(i.REIN_GPIO_Button_Init) refers to stm32f1xx_hal_gpio.o(i.HAL_GPIO_Init) for HAL_GPIO_Init
    gpio.o(i.REIN_GPIO_HwElec_Init) refers to stm32f1xx_hal_gpio.o(i.HAL_GPIO_Init) for HAL_GPIO_Init
    gpio.o(i.REIN_GPIO_MT6816_SPI_Init) refers to stm32f1xx_hal_gpio.o(i.HAL_GPIO_Init) for HAL_GPIO_Init
    gpio.o(i.REIN_GPIO_Modbus_Init) refers to stm32f1xx_hal_gpio.o(i.HAL_GPIO_Init) for HAL_GPIO_Init
    gpio.o(i.REIN_GPIO_OLED_Init) refers to stm32f1xx_hal_gpio.o(i.HAL_GPIO_Init) for HAL_GPIO_Init
    gpio.o(i.REIN_GPIO_SIGNAL_COUNT_DeInit) refers to stm32f1xx_hal_cortex.o(i.HAL_NVIC_DisableIRQ) for HAL_NVIC_DisableIRQ
    gpio.o(i.REIN_GPIO_SIGNAL_COUNT_DeInit) refers to stm32f1xx_hal_gpio.o(i.HAL_GPIO_DeInit) for HAL_GPIO_DeInit
    gpio.o(i.REIN_GPIO_SIGNAL_COUNT_Init) refers to stm32f1xx_hal_gpio.o(i.HAL_GPIO_Init) for HAL_GPIO_Init
    gpio.o(i.REIN_GPIO_SIGNAL_COUNT_Init) refers to stm32f1xx_hal_cortex.o(i.HAL_NVIC_EnableIRQ) for HAL_NVIC_EnableIRQ
    gpio.o(i.REIN_GPIO_SIGNAL_PWM_DeInit) refers to stm32f1xx_hal_gpio.o(i.HAL_GPIO_DeInit) for HAL_GPIO_DeInit
    gpio.o(i.REIN_GPIO_SIGNAL_PWM_Init) refers to stm32f1xx_hal_gpio.o(i.HAL_GPIO_Init) for HAL_GPIO_Init
    gpio.o(i.REIN_GPIO_STALL_SIGNAL_Init) refers to stm32f1xx_hal_gpio.o(i.HAL_GPIO_Init) for HAL_GPIO_Init
    spi.o(i.REIN_SPI_MT6816_SPI_Init) refers to stm32f1xx_hal_gpio.o(i.HAL_GPIO_Init) for HAL_GPIO_Init
    spi.o(i.REIN_SPI_MT6816_SPI_Init) refers to stm32f1xx_hal_spi.o(i.HAL_SPI_Init) for HAL_SPI_Init
    spi.o(i.REIN_SPI_MT6816_SPI_Init) refers to main.o(i.Error_Handler) for Error_Handler
[...]
    RTC_Alarm_IRQHandler                     0x0800c11f   Thumb Code     0  startup_stm32f103xb.o(.text)
    RTC_IRQHandler                           0x0800c11f   Thumb Code     0  startup_stm32f103xb.o(.text)
    SPI1_IRQHandler                          0x0800c11f   Thumb Code     0  startup_stm32f103xb.o(.text)
    SPI2_IRQHandler                          0x0800c11f   Thumb Code     0  startup_stm32f103xb.o(.text)
    TAMPER_IRQHandler                        0x0800c11f   Thumb Code     0  startup_stm32f103xb.o(.text)
    TIM1_BRK_IRQHandler                      0x0800c11f   Thumb Code     0  startup_stm32f103xb.o(.text)
    TIM1_CC_IRQHandler                       0x0800c11f   Thumb Code     0  startup_stm32f103xb.o(.text)
    TIM1_TRG_COM_IRQHandler                  0x0800c11f   Thumb Code     0  startup_stm32f103xb.o(.text)
    TIM1_UP_IRQHandler                       0x0800c11f   Thumb Code     0  startup_stm32f103xb.o(.text)
    TIM2_IRQHandler                          0x0800c11f   Thumb Code     0  startup_stm32f103xb.o(.text)
    TIM4_IRQHandler                          0x0800c11f   Thumb Code     0  startup_stm32f103xb.o(.text)
    USART2_IRQHandler                        0x0800c11f   Thumb Code     0  startup_stm32f103xb.o(.text)
    USART3_IRQHandler                        0x0800c11f   Thumb Code     0  startup_stm32f103xb.o(.text)
    USBWakeUp_IRQHandler                     0x0800c11f   Thumb Code     0  startup_stm32f103xb.o(.text)
    USB_HP_CAN1_TX_IRQHandler                0x0800c11f   Thumb Code     0  startup_stm32f103xb.o(.text)
    USB_LP_CAN1_RX0_IRQHandler               0x0800c11f   Thumb Code     0  startup_stm32f103xb.o(.text)
    WWDG_IRQHandler                          0x0800c11f   Thumb Code     0  startup_stm32f103xb.o(.text)
    __aeabi_llsr                             0x0800c129   Thumb Code    32  llushr.o(.text)
    _ll_ushift_r                             0x0800c129   Thumb Code     0  llushr.o(.text)
    __aeabi_memcpy                           0x0800c149   Thumb Code    36  memcpya.o(.text)
    __aeabi_memcpy4                          0x0800c149   Thumb Code     0  memcpya.o(.text)
    __aeabi_memcpy8                          0x0800c149   Thumb Code     0  memcpya.o(.text)
    __aeabi_memset                           0x0800c16d   Thumb Code    14  memseta.o(.text)
    __aeabi_memset4                          0x0800c16d   Thumb Code     0  memseta.o(.text)
    __aeabi_memset8                          0x0800c16d   Thumb Code     0  memseta.o(.text)
    __aeabi_memclr                           0x0800c17b   Thumb Code     4  memseta.o(.text)
    __aeabi_memclr4                          0x0800c17b   Thumb Code     0  memseta.o(.text)
    __aeabi_memclr8                          0x0800c17b   Thumb Code     0  memseta.o(.text)
    _memset$wrapper                          0x0800c17f   Thumb Code    18  memseta.o(.text)
    strlen                                   0x0800c191   Thumb Code    14  strlen.o(.text)
    __aeabi_fmul                             0x0800c19f   Thumb Code   100  fmul.o(.text)
    __aeabi_fdiv                             0x0800c203   Thumb Code   124  fdiv.o(.text)
    __aeabi_i2f                              0x0800c27f   Thumb Code    18  fflti.o(.text)
    __aeabi_f2iz                             0x0800c291   Thumb Code    50  ffixi.o(.text)
    __aeabi_uidiv                            0x0800c2c3   Thumb Code     0  uidiv.o(.text)
    __aeabi_uidivmod                         0x0800c2c3   Thumb Code    44  uidiv.o(.text)
    __aeabi_uldivmod                         0x0800c2ef   Thumb Code    98  uldiv.o(.text)
    __I$use$fp                               0x0800c351   Thumb Code     0  iusefp.o(.text)
    _float_round                             0x0800c351   Thumb Code    18  fepilogue.o(.text)
    _float_epilogue                          0x0800c363   Thumb Code    92  fepilogue.o(.text)
    __aeabi_dadd                             0x0800c3bf   Thumb Code   322  dadd.o(.text)
    __aeabi_dsub                             0x0800c501   Thumb Code     6  dadd.o(.text)
    __aeabi_drsub                            0x0800c507   Thumb Code     6  dadd.o(.text)
    __aeabi_dmul                             0x0800c50d   Thumb Code   228  dmul.o(.text)
    __aeabi_ddiv                             0x0800c5f1   Thumb Code   222  ddiv.o(.text)
    __aeabi_d2ulz                            0x0800c6cf   Thumb Code    48  dfixul.o(.text)
    __aeabi_cdrcmple                         0x0800c701   Thumb Code    48  cdrcmple.o(.text)
    __scatterload                            0x0800c731   Thumb Code    28  init.o(.text)
    __scatterload_rt2                        0x0800c731   Thumb Code     0  init.o(.text)
    __aeabi_llsl                             0x0800c755   Thumb Code    30  llshl.o(.text)
    _ll_shift_l                              0x0800c755   Thumb Code     0  llshl.o(.text)
    __aeabi_lasr                             0x0800c773   Thumb Code    36  llsshr.o(.text)
    _ll_sshift_r                             0x0800c773   Thumb Code     0  llsshr.o(.text)
    _double_round                            0x0800c797   Thumb Code    30  depilogue.o(.text)
    _double_epilogue                         0x0800c7b5   Thumb Code   156  depilogue.o(.text)
    ADC_ConversionStop_Disable               0x0800c851   Thumb Code    74  stm32f1xx_hal_adc.o(i.ADC_ConversionStop_Disable)
    ADC_DMAConvCplt                          0x0800c89b   Thumb Code    78  stm32f1xx_hal_adc.o(i.ADC_DMAConvCplt)
    ADC_DMAError                             0x0800c8e9   Thumb Code    26  stm32f1xx_hal_adc.o(i.ADC_DMAError)
    ADC_DMAHalfConvCplt                      0x0800c903   Thumb Code    10  stm32f1xx_hal_adc.o(i.ADC_DMAHalfConvCplt)
    ADC_Enable                               0x0800c90d   Thumb Code   102  stm32f1xx_hal_adc.o(i.ADC_Enable)
    BusFault_Handler                         0x0800c97d   Thumb Code     2  stm32f1xx_it.o(i.BusFault_Handler)
    Button_Init                              0x0800c981   Thumb Code    34  button.o(i.Button_Init)
    Button_Inquice_State                     0x0800c9a9   Thumb Code    18  button.o(i.Button_Inquice_State)
    Button_Read_Level                        0x0800c9c1   Thumb Code    32  button.o(i.Button_Read_Level)
    Button_Scan_ms                           0x0800c9e5   Thumb Code   132  button.o(i.Button_Scan_ms)
    Calibration_Data_Check                   0x0800ca6d   Thumb Code   326  encode_cali.o(i.Calibration_Data_Check)
    Calibration_Init                         0x0800cbb9   Thumb Code    28  encode_cali.o(i.Calibration_Init)
    Calibration_Interrupt_Callback           0x0800cbd9   Thumb Code   336  encode_cali.o(i.Calibration_Interrupt_Callback)
    Calibration_Loop_Callback                0x0800cd31   Thumb Code   644  encode_cali.o(i.Calibration_Loop_Callback)
    Control_Cur_To_Electric                  0x0800cfc5   Thumb Code    34  motor_control.o(i.Control_Cur_To_Electric)
    Control_DCE_Init                         0x0800cfed   Thumb Code    66  motor_control.o(i.Control_DCE_Init)
    Control_DCE_SetKD                        0x0800d035   Thumb Code    20  motor_control.o(i.Control_DCE_SetKD)
    Control_DCE_SetKI                        0x0800d04d   Thumb Code    20  motor_control.o(i.Control_DCE_SetKI)
    Control_DCE_SetKP                        0x0800d065   Thumb Code    20  motor_control.o(i.Control_DCE_SetKP)
    Control_DCE_SetKV                        0x0800d07d   Thumb Code    20  motor_control.o(i.Control_DCE_SetKV)
    Control_DCE_To_Electric                  0x0800d095   Thumb Code   170  motor_control.o(i.Control_DCE_To_Electric)
    Control_PID_Init                         0x0800d149   Thumb Code    54  motor_control.o(i.Control_PID_Init)
    Control_PID_SetKD                        0x0800d185   Thumb Code    20  motor_control.o(i.Control_PID_SetKD)
    Control_PID_SetKI                        0x0800d19d   Thumb Code    20  motor_control.o(i.Control_PID_SetKI)
    Control_PID_SetKP                        0x0800d1b5   Thumb Code    20  motor_control.o(i.Control_PID_SetKP)
    Control_PID_To_Electric                  0x0800d1cd   Thumb Code   148  motor_control.o(i.Control_PID_To_Electric)
    CurrentControl_VREF_12Bit_MixOut         0x0800d269   Thumb Code    14  hw_elec.o(i.CurrentControl_VREF_12Bit_MixOut)
    Current_Tracker_Capture_Goal             0x0800d27d   Thumb Code   158  current_tracker.o(i.Current_Tracker_Capture_Goal)
    Current_Tracker_Init                     0x0800d321   Thumb Code    38  current_tracker.o(i.Current_Tracker_Init)
    Current_Tracker_NewTask                  0x0800d34d   Thumb Code    10  current_tracker.o(i.Current_Tracker_NewTask)
    Current_Tracker_Set_DownRate             0x0800d35d   Thumb Code    30  current_tracker.o(i.Current_Tracker_Set_DownRate)
    Current_Tracker_Set_UpRate               0x0800d381   Thumb Code    30  current_tracker.o(i.Current_Tracker_Set_UpRate)
    CycleAverage                             0x0800d3a5   Thumb Code    36  encode_cali.o(i.CycleAverage)
    CycleDataAverage                         0x0800d3c9   Thumb Code    70  encode_cali.o(i.CycleDataAverage)
    CycleRem                                 0x0800d40f   Thumb Code    12  encode_cali.o(i.CycleRem)
    CycleSub                                 0x0800d41b   Thumb Code    22  encode_cali.o(i.CycleSub)
    DMA1_Channel4_IRQHandler                 0x0800d431   Thumb Code    18  loop_it.o(i.DMA1_Channel4_IRQHandler)
    DMA1_Channel5_IRQHandler                 0x0800d44d   Thumb Code    18  loop_it.o(i.DMA1_Channel5_IRQHandler)
    DebugMon_Handler                         0x0800d493   Thumb Code     2  stm32f1xx_it.o(i.DebugMon_Handler)
    EXTI9_5_IRQHandler                       0x0800d495   Thumb Code    28  loop_it.o(i.EXTI9_5_IRQHandler)
    Error_Handler                            0x0800d4b9   Thumb Code     2  main.o(i.Error_Handler)
    FLASH_PageErase                          0x0800d4e1   Thumb Code    28  stm32f1xx_hal_flash_ex.o(i.FLASH_PageErase)
    FLASH_WaitForLastOperation               0x0800d57d   Thumb Code    80  stm32f1xx_hal_flash.o(i.FLASH_WaitForLastOperation)
    GRAM_Clear                               0x0800d5d1   Thumb Code    32  ssd1306.o(i.GRAM_Clear)
    GRAM_DrawLine                            0x0800d5f1   Thumb Code   246  ssd1306.o(i.GRAM_DrawLine)
    GRAM_DrawPoint                           0x0800d6e7   Thumb Code    40  ssd1306.o(i.GRAM_DrawPoint)
    GRAM_ShowChar                            0x0800d711   Thumb Code   288  ssd1306.o(i.GRAM_ShowChar)
    GRAM_ShowNum_LI_Max11                    0x0800d841   Thumb Code   100  ssd1306.o(i.GRAM_ShowNum_LI_Max11)
    GRAM_ShowPicture                         0x0800d8ad   Thumb Code   142  ssd1306.o(i.GRAM_ShowPicture)
    GRAM_ShowString                          0x0800d93b   Thumb Code    78  ssd1306.o(i.GRAM_ShowString)
    HAL_ADCEx_Calibration_Start              0x0800d989   Thumb Code   194  stm32f1xx_hal_adc_ex.o(i.HAL_ADCEx_Calibration_Start)
    HAL_ADC_ConfigChannel                    0x0800da51   Thumb Code   240  stm32f1xx_hal_adc.o(i.HAL_ADC_ConfigChannel)
    HAL_ADC_ConvCpltCallback                 0x0800db4d   Thumb Code     2  stm32f1xx_hal_adc.o(i.HAL_ADC_ConvCpltCallback)
    HAL_ADC_ConvHalfCpltCallback             0x0800db4f   Thumb Code     2  stm32f1xx_hal_adc.o(i.HAL_ADC_ConvHalfCpltCallback)
    HAL_ADC_ErrorCallback                    0x0800db51   Thumb Code     2  stm32f1xx_hal_adc.o(i.HAL_ADC_ErrorCallback)
    HAL_ADC_Init                             0x0800db55   Thumb Code   270  stm32f1xx_hal_adc.o(i.HAL_ADC_Init)
    HAL_ADC_MspInit                          0x0800dc71   Thumb Code     2  stm32f1xx_hal_adc.o(i.HAL_ADC_MspInit)
    HAL_ADC_Start_DMA                        0x0800dc75   Thumb Code   246  stm32f1xx_hal_adc.o(i.HAL_ADC_Start_DMA)
    HAL_DMA_Abort                            0x0800dd81   Thumb Code    70  stm32f1xx_hal_dma.o(i.HAL_DMA_Abort)
    HAL_DMA_Abort_IT                         0x0800ddc9   Thumb Code   148  stm32f1xx_hal_dma.o(i.HAL_DMA_Abort_IT)
    HAL_DMA_GetError                         0x0800de61   Thumb Code     4  stm32f1xx_hal_dma.o(i.HAL_DMA_GetError)
    HAL_DMA_IRQHandler                       0x0800de65   Thumb Code   320  stm32f1xx_hal_dma.o(i.HAL_DMA_IRQHandler)
    HAL_DMA_Init                             0x0800dfbd   Thumb Code    84  stm32f1xx_hal_dma.o(i.HAL_DMA_Init)
    HAL_DMA_Start_IT                         0x0800e019   Thumb Code   112  stm32f1xx_hal_dma.o(i.HAL_DMA_Start_IT)
    HAL_Delay                                0x0800e089   Thumb Code    32  stm32f1xx_hal.o(i.HAL_Delay)
    HAL_FLASHEx_Erase                        0x0800e0ad   Thumb Code   160  stm32f1xx_hal_flash_ex.o(i.HAL_FLASHEx_Erase)
    HAL_FLASH_Lock                           0x0800e155   Thumb Code    14  stm32f1xx_hal_flash.o(i.HAL_FLASH_Lock)
    HAL_FLASH_Program                        0x0800e169   Thumb Code   122  stm32f1xx_hal_flash.o(i.HAL_FLASH_Program)
    HAL_FLASH_Unlock                         0x0800e1ed   Thumb Code    28  stm32f1xx_hal_flash.o(i.HAL_FLASH_Unlock)
    HAL_GPIO_DeInit                          0x0800e215   Thumb Code   198  stm32f1xx_hal_gpio.o(i.HAL_GPIO_DeInit)
    HAL_GPIO_Init                            0x0800e2f5   Thumb Code   426  stm32f1xx_hal_gpio.o(i.HAL_GPIO_Init)
    HAL_GPIO_WritePin                        0x0800e4c1   Thumb Code    10  stm32f1xx_hal_gpio.o(i.HAL_GPIO_WritePin)
    HAL_GetTick                              0x0800e4cd   Thumb Code     6  stm32f1xx_hal.o(i.HAL_GetTick)
    HAL_IncTick                              0x0800e4d9   Thumb Code    12  stm32f1xx_hal.o(i.HAL_IncTick)
    HAL_Init                                 0x0800e4e9   Thumb Code    32  stm32f1xx_hal.o(i.HAL_Init)
    HAL_InitTick                             0x0800e50d   Thumb Code    54  stm32f1xx_hal.o(i.HAL_InitTick)
    HAL_MspInit                              0x0800e54d   Thumb Code    52  stm32f1xx_hal_msp.o(i.HAL_MspInit)
    HAL_NVIC_DisableIRQ                      0x0800e589   Thumb Code    34  stm32f1xx_hal_cortex.o(i.HAL_NVIC_DisableIRQ)
    HAL_NVIC_EnableIRQ                       0x0800e5ab   Thumb Code    26  stm32f1xx_hal_cortex.o(i.HAL_NVIC_EnableIRQ)
    HAL_NVIC_SetPriority                     0x0800e5c5   Thumb Code    60  stm32f1xx_hal_cortex.o(i.HAL_NVIC_SetPriority)
    HAL_NVIC_SetPriorityGrouping             0x0800e605   Thumb Code    26  stm32f1xx_hal_cortex.o(i.HAL_NVIC_SetPriorityGrouping)
    HAL_RCCEx_GetPeriphCLKFreq               0x0800e629   Thumb Code   162  stm32f1xx_hal_rcc_ex.o(i.HAL_RCCEx_GetPeriphCLKFreq)
    HAL_RCCEx_PeriphCLKConfig                0x0800e6f1   Thumb Code   220  stm32f1xx_hal_rcc_ex.o(i.HAL_RCCEx_PeriphCLKConfig)
    HAL_RCC_ClockConfig                      0x0800e7d9   Thumb Code   292  stm32f1xx_hal_rcc.o(i.HAL_RCC_ClockConfig)
    HAL_RCC_GetPCLK1Freq                     0x0800e911   Thumb Code    20  stm32f1xx_hal_rcc.o(i.HAL_RCC_GetPCLK1Freq)
    HAL_RCC_GetPCLK2Freq                     0x0800e931   Thumb Code    20  stm32f1xx_hal_rcc.o(i.HAL_RCC_GetPCLK2Freq)
    HAL_RCC_GetSysClockFreq                  0x0800e951   Thumb Code    80  stm32f1xx_hal_rcc.o(i.HAL_RCC_GetSysClockFreq)
    HAL_RCC_OscConfig                        0x0800e9c5   Thumb Code   770  stm32f1xx_hal_rcc.o(i.HAL_RCC_OscConfig)
    HAL_SPI_Init                             0x0800ecdd   Thumb Code   124  stm32f1xx_hal_spi.o(i.HAL_SPI_Init)
    HAL_SPI_MspInit                          0x0800ed59   Thumb Code     2  stm32f1xx_hal_spi.o(i.HAL_SPI_MspInit)
    HAL_SPI_Transmit                         0x0800ed5b   Thumb Code   350  stm32f1xx_hal_spi.o(i.HAL_SPI_Transmit)
    HAL_SPI_TransmitReceive                  0x0800eeb9   Thumb Code   474  stm32f1xx_hal_spi.o(i.HAL_SPI_TransmitReceive)
    HAL_SYSTICK_Config                       0x0800f093   Thumb Code    40  stm32f1xx_hal_cortex.o(i.HAL_SYSTICK_Config)
    HAL_TIMEx_MasterConfigSynchronization    0x0800f0bb   Thumb Code    66  stm32f1xx_hal_tim_ex.o(i.HAL_TIMEx_MasterConfigSynchronization)
    HAL_TIM_Base_Init                        0x0800f0fd   Thumb Code    54  stm32f1xx_hal_tim.o(i.HAL_TIM_Base_Init)
    HAL_TIM_Base_MspInit                     0x0800f133   Thumb Code     2  stm32f1xx_hal_tim.o(i.HAL_TIM_Base_MspInit)
    HAL_TIM_Base_Start                       0x0800f135   Thumb Code    36  stm32f1xx_hal_tim.o(i.HAL_TIM_Base_Start)
    HAL_TIM_Base_Start_IT                    0x0800f159   Thumb Code    34  stm32f1xx_hal_tim.o(i.HAL_TIM_Base_Start_IT)
    HAL_TIM_Base_Stop                        0x0800f17b   Thumb Code    44  stm32f1xx_hal_tim.o(i.HAL_TIM_Base_Stop)
    HAL_TIM_Base_Stop_IT                     0x0800f1a7   Thumb Code    42  stm32f1xx_hal_tim.o(i.HAL_TIM_Base_Stop_IT)
    HAL_TIM_IC_ConfigChannel                 0x0800f1d1   Thumb Code   282  stm32f1xx_hal_tim.o(i.HAL_TIM_IC_ConfigChannel)
    HAL_TIM_IC_Init                          0x0800f2eb   Thumb Code    54  stm32f1xx_hal_tim.o(i.HAL_TIM_IC_Init)
    HAL_TIM_IC_MspInit                       0x0800f321   Thumb Code     2  stm32f1xx_hal_tim.o(i.HAL_TIM_IC_MspInit)
    HAL_TIM_OC_Start_IT                      0x0800f325   Thumb Code   102  stm32f1xx_hal_tim.o(i.HAL_TIM_OC_Start_IT)
    HAL_TIM_OC_Stop_IT                       0x0800f391   Thumb Code   122  stm32f1xx_hal_tim.o(i.HAL_TIM_OC_Stop_IT)
    HAL_TIM_PWM_ConfigChannel                0x0800f411   Thumb Code   208  stm32f1xx_hal_tim.o(i.HAL_TIM_PWM_ConfigChannel)
    HAL_TIM_PWM_Init                         0x0800f4e1   Thumb Code    54  stm32f1xx_hal_tim.o(i.HAL_TIM_PWM_Init)
    HAL_TIM_PWM_MspInit                      0x0800f517   Thumb Code     2  stm32f1xx_hal_tim.o(i.HAL_TIM_PWM_MspInit)
    HAL_TIM_PWM_Start                        0x0800f519   Thumb Code    52  stm32f1xx_hal_tim.o(i.HAL_TIM_PWM_Start)
    HAL_TIM_ReadCapturedValue                0x0800f551   Thumb Code    42  stm32f1xx_hal_tim.o(i.HAL_TIM_ReadCapturedValue)
    HAL_TIM_SlaveConfigSynchro               0x0800f57b   Thumb Code    82  stm32f1xx_hal_tim.o(i.HAL_TIM_SlaveConfigSynchro)
    HAL_UART_AbortReceive                    0x0800f5cd   Thumb Code    88  stm32f1xx_hal_uart.o(i.HAL_UART_AbortReceive)
    HAL_UART_ErrorCallback                   0x0800f625   Thumb Code     2  stm32f1xx_hal_uart.o(i.HAL_UART_ErrorCallback)
    HAL_UART_IRQHandler                      0x0800f629   Thumb Code   266  stm32f1xx_hal_uart.o(i.HAL_UART_IRQHandler)
    HAL_UART_Init                            0x0800f739   Thumb Code    98  stm32f1xx_hal_uart.o(i.HAL_UART_Init)
    HAL_UART_MspInit                         0x0800f79b   Thumb Code     2  stm32f1xx_hal_uart.o(i.HAL_UART_MspInit)
    HAL_UART_Receive_DMA                     0x0800f79d   Thumb Code   138  stm32f1xx_hal_uart.o(i.HAL_UART_Receive_DMA)
    HAL_UART_RxCpltCallback                  0x0800f835   Thumb Code   100  uart_mixed.o(i.HAL_UART_RxCpltCallback)
    HAL_UART_RxHalfCpltCallback              0x0800f899   Thumb Code     2  stm32f1xx_hal_uart.o(i.HAL_UART_RxHalfCpltCallback)
    HAL_UART_TxCpltCallback                  0x0800f89b   Thumb Code    46  uart_mixed.o(i.HAL_UART_TxCpltCallback)
    HardFault_Handler                        0x0800f8c9   Thumb Code     2  stm32f1xx_it.o(i.HardFault_Handler)
    Location_Interp_Capture_Goal             0x0800f8cd   Thumb Code    50  location_interp.o(i.Location_Interp_Capture_Goal)
    Location_Interp_Init                     0x0800f905   Thumb Code    20  location_interp.o(i.Location_Interp_Init)
    Location_Interp_NewTask                  0x0800f91d   Thumb Code    12  location_interp.o(i.Location_Interp_NewTask)
    Location_Tracker_Capture_Goal            0x0800f92d   Thumb Code   506  location_tracker.o(i.Location_Tracker_Capture_Goal)
    Location_Tracker_Init                    0x0800fb2d   Thumb Code    58  location_tracker.o(i.Location_Tracker_Init)
    Location_Tracker_NewTask                 0x0800fb75   Thumb Code    14  location_tracker.o(i.Location_Tracker_NewTask)
    Location_Tracker_Set_DownAcc             0x0800fb89   Thumb Code    46  location_tracker.o(i.Location_Tracker_Set_DownAcc)
    Location_Tracker_Set_MaxSpeed            0x0800fbc1   Thumb Code    28  location_tracker.o(i.Location_Tracker_Set_MaxSpeed)
    Location_Tracker_Set_UpAcc               0x0800fbe5   Thumb Code    28  location_tracker.o(i.Location_Tracker_Set_UpAcc)
    LoopIT_Priority_Overlay                  0x0800fc09   Thumb Code    66  loop_it.o(i.LoopIT_Priority_Overlay)
    LoopIT_SysTick_20KHz                     0x0800fc4d   Thumb Code    22  loop_it.o(i.LoopIT_SysTick_20KHz)
    MemManage_Handler                        0x0800fc6d   Thumb Code     2  stm32f1xx_it.o(i.MemManage_Handler)
    Motor_Control_AdvanceCompen              0x0800fc71   Thumb Code   150  motor_control.o(i.Motor_Control_AdvanceCompen)
    Motor_Control_Callback                   0x0800fd19   Thumb Code  1070  motor_control.o(i.Motor_Control_Callback)
    Motor_Control_Clear_Integral             0x08010149   Thumb Code    26  motor_control.o(i.Motor_Control_Clear_Integral)
    Motor_Control_Clear_Stall                0x08010169   Thumb Code    12  motor_control.o(i.Motor_Control_Clear_Stall)
    Motor_Control_Init                       0x08010179   Thumb Code   134  motor_control.o(i.Motor_Control_Init)
    Motor_Control_SetMotorMode               0x08010205   Thumb Code    10  motor_control.o(i.Motor_Control_SetMotorMode)
    Motor_Control_SetStallSwitch             0x08010215   Thumb Code    10  motor_control.o(i.Motor_Control_SetStallSwitch)
    Motor_MultiDebug_Location                0x08010225   Thumb Code    42  motor_control.o(i.Motor_MultiDebug_Location)
    Motor_MultiDebug_Speed                   0x08010255   Thumb Code    12  motor_control.o(i.Motor_MultiDebug_Speed)
    Move_Reconstruct_Capture_Goal            0x08010265   Thumb Code   252  move_reconstruct.o(i.Move_Reconstruct_Capture_Goal)
    Move_Reconstruct_Init                    0x08010369   Thumb Code    50  move_reconstruct.o(i.Move_Reconstruct_Init)
    Move_Reconstruct_NewTask                 0x080103a5   Thumb Code    18  move_reconstruct.o(i.Move_Reconstruct_NewTask)
    Move_Reconstruct_Set_DownAcc             0x080103bd   Thumb Code    28  move_reconstruct.o(i.Move_Reconstruct_Set_DownAcc)
    Move_Reconstruct_Set_OverTime            0x080103e1   Thumb Code    26  move_reconstruct.o(i.Move_Reconstruct_Set_OverTime)
    NMI_Handler                              0x08010401   Thumb Code     2  stm32f1xx_it.o(i.NMI_Handler)
    PendSV_Handler                           0x08010403   Thumb Code     2  stm32f1xx_it.o(i.PendSV_Handler)
    Power_Detection_Run                      0x08010405   Thumb Code    40  power_detect.o(i.Power_Detection_Run)
    REIN_ADC_Init                            0x08010435   Thumb Code   222  adc.o(i.REIN_ADC_Init)
    REIN_DMA_Init                            0x08010529   Thumb Code    36  dma.o(i.REIN_DMA_Init)
    REIN_GPIO_Button_Init                    0x08010551   Thumb Code    82  gpio.o(i.REIN_GPIO_Button_Init)
    REIN_GPIO_HwElec_Init                    0x080105ad   Thumb Code   186  gpio.o(i.REIN_GPIO_HwElec_Init)
    REIN_GPIO_MT6816_SPI_Init                0x08010671   Thumb Code    58  gpio.o(i.REIN_GPIO_MT6816_SPI_Init)
    REIN_GPIO_Modbus_Init                    0x080106b5   Thumb Code    54  gpio.o(i.REIN_GPIO_Modbus_Init)
    REIN_GPIO_OLED_Init                      0x080106f5   Thumb Code   142  gpio.o(i.REIN_GPIO_OLED_Init)
    REIN_GPIO_SIGNAL_COUNT_DeInit            0x0801078d   Thumb Code    28  gpio.o(i.REIN_GPIO_SIGNAL_COUNT_DeInit)
    REIN_GPIO_SIGNAL_COUNT_Init              0x080107b1   Thumb Code    86  gpio.o(i.REIN_GPIO_SIGNAL_COUNT_Init)
    REIN_GPIO_SIGNAL_PWM_DeInit              0x08010819   Thumb Code    22  gpio.o(i.REIN_GPIO_SIGNAL_PWM_DeInit)
    REIN_GPIO_SIGNAL_PWM_Init                0x08010839   Thumb Code    78  gpio.o(i.REIN_GPIO_SIGNAL_PWM_Init)
    REIN_HW_Elec_Init                        0x08010895   Thumb Code    14  hw_elec.o(i.REIN_HW_Elec_Init)
    REIN_HW_Elec_SetBrake                    0x080108a5   Thumb Code    38  hw_elec.o(i.REIN_HW_Elec_SetBrake)
    REIN_HW_Elec_SetDivideElec               0x080108d5   Thumb Code   296  hw_elec.o(i.REIN_HW_Elec_SetDivideElec)
    REIN_HW_Elec_SetSleep                    0x08010a0d   Thumb Code    38  hw_elec.o(i.REIN_HW_Elec_SetSleep)
    REIN_MT6816_Get_AngleData                0x08010a3d   Thumb Code    30  mt6816.o(i.REIN_MT6816_Get_AngleData)
    REIN_MT6816_Init                         0x08010a61   Thumb Code    54  mt6816.o(i.REIN_MT6816_Init)
    REIN_MT6816_SPI_Signal_Init              0x08010a9d   Thumb Code    22  mt6816.o(i.REIN_MT6816_SPI_Signal_Init)
    REIN_SPI_MT6816_SPI_Init                 0x08010ab9   Thumb Code   204  spi.o(i.REIN_SPI_MT6816_SPI_Init)
    REIN_SPI_OLED_SPI_Init                   0x08010b99   Thumb Code   158  spi.o(i.REIN_SPI_OLED_SPI_Init)
    REIN_TIM_HwElec_Init                     0x08010c49   Thumb Code   242  tim.o(i.REIN_TIM_HwElec_Init)
    REIN_TIM_SIGNAL_COUNT_DeInit             0x08010d4d   Thumb Code    20  tim.o(i.REIN_TIM_SIGNAL_COUNT_DeInit)
    REIN_TIM_SIGNAL_COUNT_Init               0x08010d69   Thumb Code   156  tim.o(i.REIN_TIM_SIGNAL_COUNT_Init)
    REIN_TIM_SIGNAL_PWM_DeInit               0x08010e15   Thumb Code    36  tim.o(i.REIN_TIM_SIGNAL_PWM_DeInit)
    REIN_TIM_SIGNAL_PWM_Init                 0x08010e41   Thumb Code   252  tim.o(i.REIN_TIM_SIGNAL_PWM_Init)
    REIN_UART_Modbus_Config                  0x08010f4d   Thumb Code   110  usart.o(i.REIN_UART_Modbus_Config)
    REIN_UART_Modbus_Init                    0x08010fc5   Thumb Code   262  usart.o(i.REIN_UART_Modbus_Init)
    REIN_UART_Modbus_Set_BaudRate            0x080110e1   Thumb Code    24  usart.o(i.REIN_UART_Modbus_Set_BaudRate)
    REIN_UART_Modbus_Set_Mode                0x08011101   Thumb Code    36  usart.o(i.REIN_UART_Modbus_Set_Mode)
    REINui_Calibration_drawing_function      0x08011129   Thumb Code   304  xdrive_ui.o(i.REINui_Calibration_drawing_function)
    REINui_ControlDCE_drawing_function       0x080113a1   Thumb Code   182  xdrive_ui.o(i.REINui_ControlDCE_drawing_function)
    REINui_ControlPID_drawing_function       0x08011495   Thumb Code   148  xdrive_ui.o(i.REINui_ControlPID_drawing_function)
    REINui_Current_drawing_function          0x08011559   Thumb Code   114  xdrive_ui.o(i.REINui_Current_drawing_function)
    REINui_Desktop_drawing_function          0x080115f1   Thumb Code  1480  xdrive_ui.o(i.REINui_Desktop_drawing_function)
    REINui_Directory_Append_Widget           0x08011bb9   Thumb Code    28  xdrive_ui.o(i.REINui_Directory_Append_Widget)
    REINui_Directory_Init                    0x08011bd5   Thumb Code    10  xdrive_ui.o(i.REINui_Directory_Init)
    REINui_Directory_drawing_function        0x08011be1   Thumb Code   470  xdrive_ui.o(i.REINui_Directory_drawing_function)
    REINui_Encoder_drawing_function          0x08011dc5   Thumb Code   114  xdrive_ui.o(i.REINui_Encoder_drawing_function)
    REINui_Information_drawing_function      0x08011e5d   Thumb Code   122  xdrive_ui.o(i.REINui_Information_drawing_function)
    REINui_Location_drawing_function         0x08011f41   Thumb Code   114  xdrive_ui.o(i.REINui_Location_drawing_function)
    REINui_Power_drawing_function            0x08011fd9   Thumb Code   114  xdrive_ui.o(i.REINui_Power_drawing_function)
    REINui_SignalCount_drawing_function      0x08012071   Thumb Code   140  xdrive_ui.o(i.REINui_SignalCount_drawing_function)
    REINui_SignalPWM_drawing_function        0x08012125   Thumb Code   234  xdrive_ui.o(i.REINui_SignalPWM_drawing_function)
    REINui_Speed_drawing_function            0x08012241   Thumb Code   116  xdrive_ui.o(i.REINui_Speed_drawing_function)
    REINui_Switches_Init                     0x080122d9   Thumb Code    12  xdrive_ui.o(i.REINui_Switches_Init)
    REINui_Switches_drawing_function         0x080122e5   Thumb Code    10  xdrive_ui.o(i.REINui_Switches_drawing_function)
    REINui_Widget_Init                       0x080122f5   Thumb Code    54  xdrive_ui.o(i.REINui_Widget_Init)
    RINE_MT6816_SPI_Get_AngleData            0x0801233d   Thumb Code   178  mt6816.o(i.RINE_MT6816_SPI_Get_AngleData)
    SSD1306_Init                             0x080124b1   Thumb Code   196  ssd1306.o(i.SSD1306_Init)
    SSD1306_Orien_Reversal                   0x08012579   Thumb Code    30  ssd1306.o(i.SSD1306_Orien_Reversal)
    SSD1306_Refresh                          0x08012597   Thumb Code    58  ssd1306.o(i.SSD1306_Refresh)
    SSD1306_Write_Comm                       0x080125d1   Thumb Code    38  ssd1306.o(i.SSD1306_Write_Comm)
    SSD1306_Write_Data                       0x08012601   Thumb Code    36  ssd1306.o(i.SSD1306_Write_Data)
    SVC_Handler                              0x0801262d   Thumb Code     2  stm32f1xx_it.o(i.SVC_Handler)
    Seek_UART_Mixed                          0x08012631   Thumb Code    16  uart_mixed.o(i.Seek_UART_Mixed)
    Signal_Count_Capture_Goal                0x08012645   Thumb Code    78  signal_port.o(i.Signal_Count_Capture_Goal)
    Signal_Count_Config                      0x080126a1   Thumb Code    18  signal_port.o(i.Signal_Count_Config)
    Signal_Count_DeConfig                    0x080126b3   Thumb Code    14  signal_port.o(i.Signal_Count_DeConfig)
    Signal_Count_Dir_Res                     0x080126c1   Thumb Code    46  signal_port.o(i.Signal_Count_Dir_Res)
    Signal_Count_Init                        0x080126fd   Thumb Code    40  signal_port.o(i.Signal_Count_Init)
    Signal_Count_SetDirInve                  0x08012729   Thumb Code    16  signal_port.o(i.Signal_Count_SetDirInve)
    Signal_Count_SetEnInve                   0x0801273d   Thumb Code    10  signal_port.o(i.Signal_Count_SetEnInve)
    Signal_Count_SetFraction                 0x0801274d   Thumb Code    56  signal_port.o(i.Signal_Count_SetFraction)
    Signal_Modbus_Init                       0x08012789   Thumb Code    20  signal_port.o(i.Signal_Modbus_Init)
    Signal_Modbus_Set_ID                     0x080127a1   Thumb Code    20  signal_port.o(i.Signal_Modbus_Set_ID)
    Signal_MoreIO_Capture_Goal               0x080127b9   Thumb Code    24  signal_port.o(i.Signal_MoreIO_Capture_Goal)
    Signal_MoreIO_Config                     0x080127d5   Thumb Code    70  signal_port.o(i.Signal_MoreIO_Config)
    Signal_MoreIO_Init                       0x08012821   Thumb Code    20  signal_port.o(i.Signal_MoreIO_Init)
    Signal_PWM_Config                        0x08012839   Thumb Code    38  signal_port.o(i.Signal_PWM_Config)
    Signal_PWM_DeConfig                      0x08012865   Thumb Code    14  signal_port.o(i.Signal_PWM_DeConfig)
    Signal_PWM_Init                          0x08012875   Thumb Code    96  signal_port.o(i.Signal_PWM_Init)
    Signal_PWM_Set_BottomCurrent             0x080128dd   Thumb Code    24  signal_port.o(i.Signal_PWM_Set_BottomCurrent)
    Signal_PWM_Set_BottomLocation            0x080128f9   Thumb Code    10  signal_port.o(i.Signal_PWM_Set_BottomLocation)
    Signal_PWM_Set_BottomSpeed               0x08012909   Thumb Code    22  signal_port.o(i.Signal_PWM_Set_BottomSpeed)
    Signal_PWM_Set_BottomWidth               0x08012929   Thumb Code    22  signal_port.o(i.Signal_PWM_Set_BottomWidth)
    Signal_PWM_Set_TopCurrent                0x08012945   Thumb Code    24  signal_port.o(i.Signal_PWM_Set_TopCurrent)
    Signal_PWM_Set_TopLocation               0x08012961   Thumb Code    10  signal_port.o(i.Signal_PWM_Set_TopLocation)
    Signal_PWM_Set_TopSpeed                  0x08012971   Thumb Code    22  signal_port.o(i.Signal_PWM_Set_TopSpeed)
    Signal_PWM_Set_TopWidth                  0x08012991   Thumb Code    22  signal_port.o(i.Signal_PWM_Set_TopWidth)
    Signal_PWM_TIM_Callback                  0x080129ad   Thumb Code   546  signal_port.o(i.Signal_PWM_TIM_Callback)
    Speed_Tracker_Capture_Goal               0x08012bdd   Thumb Code   158  speed_tracker.o(i.Speed_Tracker_Capture_Goal)
    Speed_Tracker_Init                       0x08012c81   Thumb Code    36  speed_tracker.o(i.Speed_Tracker_Init)
    Speed_Tracker_NewTask                    0x08012cad   Thumb Code    10  speed_tracker.o(i.Speed_Tracker_NewTask)
    Speed_Tracker_Set_DownAcc                0x08012cbd   Thumb Code    26  speed_tracker.o(i.Speed_Tracker_Set_DownAcc)
    Speed_Tracker_Set_UpAcc                  0x08012ce1   Thumb Code    28  speed_tracker.o(i.Speed_Tracker_Set_UpAcc)
    Stockpile_Flash_Data_Begin               0x08012d05   Thumb Code    14  stockpile_f103cb.o(i.Stockpile_Flash_Data_Begin)
    Stockpile_Flash_Data_Empty               0x08012d15   Thumb Code    80  stockpile_f103cb.o(i.Stockpile_Flash_Data_Empty)
    Stockpile_Flash_Data_End                 0x08012d69   Thumb Code     4  stockpile_f103cb.o(i.Stockpile_Flash_Data_End)
    Stockpile_Flash_Data_Write_Data16        0x08012d6d   Thumb Code    66  stockpile_f103cb.o(i.Stockpile_Flash_Data_Write_Data16)
    SysTick_Handler                          0x08012db1   Thumb Code    66  loop_it.o(i.SysTick_Handler)
    SystemClock_Config                       0x08012e01   Thumb Code    96  main.o(i.SystemClock_Config)
    SystemInit                               0x08012e61   Thumb Code    56  system_stm32f1xx.o(i.SystemInit)
    TIM3_IRQHandler                          0x08012ea9   Thumb Code    16  loop_it.o(i.TIM3_IRQHandler)
    TIM_Base_SetConfig                       0x08012ebd   Thumb Code    94  stm32f1xx_hal_tim.o(i.TIM_Base_SetConfig)
    TIM_CCxChannelCmd                        0x08012f29   Thumb Code    26  stm32f1xx_hal_tim.o(i.TIM_CCxChannelCmd)
    TIM_ETR_SetConfig                        0x08012f43   Thumb Code    20  stm32f1xx_hal_tim.o(i.TIM_ETR_SetConfig)
    TIM_OC2_SetConfig                        0x08012fb1   Thumb Code    86  stm32f1xx_hal_tim.o(i.TIM_OC2_SetConfig)
    TIM_TI1_SetConfig                        0x08013151   Thumb Code    76  stm32f1xx_hal_tim.o(i.TIM_TI1_SetConfig)
    UART_Dir_Control                         0x080132a5   Thumb Code    22  uart_mixed.o(i.UART_Dir_Control)
    USART1_IRQHandler                        0x080134a5   Thumb Code    40  loop_it.o(i.USART1_IRQHandler)
    UsageFault_Handler                       0x080134d5   Thumb Code     2  stm32f1xx_it.o(i.UsageFault_Handler)
    XDrive_REINui_Callback_ms                0x080134d9   Thumb Code    82  xdrive_ui.o(i.XDrive_REINui_Callback_ms)
    XDrive_REINui_Init                       0x08013535   Thumb Code   556  xdrive_ui.o(i.XDrive_REINui_Init)
    XDrive_REINui_ToCalibration              0x080138d5   Thumb Code     8  xdrive_ui.o(i.XDrive_REINui_ToCalibration)
    __0sprintf                               0x080138e5   Thumb Code    34  printfa.o(i.__0sprintf)
    __1sprintf                               0x080138e5   Thumb Code     0  printfa.o(i.__0sprintf)
    __2sprintf                               0x080138e5   Thumb Code     0  printfa.o(i.__0sprintf)
    __c89sprintf                             0x080138e5   Thumb Code     0  printfa.o(i.__0sprintf)
    sprintf                                  0x080138e5   Thumb Code     0  printfa.o(i.__0sprintf)
    __scatterload_copy                       0x0801392d   Thumb Code    14  handlers.o(i.__scatterload_copy)
    __scatterload_null                       0x0801393b   Thumb Code     2  handlers.o(i.__scatterload_null)
    __scatterload_zeroinit                   0x0801393d   Thumb Code    14  handlers.o(i.__scatterload_zeroinit)
    loop                                     0x080141e1   Thumb Code   104  loop.o(i.loop)
    loop_second_base_1ms                     0x08014251   Thumb Code   106  loop.o(i.loop_second_base_1ms)
    main                                     0x080142c1   Thumb Code    20  main.o(i.main)
    time_second_run                          0x080142dd   Thumb Code    46  loop.o(i.time_second_run)
    AHBPrescTable                            0x08014310   Data          16  system_stm32f1xx.o(.constdata)
    APBPrescTable                            0x08014320   Data           8  system_stm32f1xx.o(.constdata)
    sin_pi_m2                                0x08014328   Data        2050  sin_form.o(.constdata)
    asc2_0806                                0x08014b2a   Data         570  ssd1306.o(.constdata)
    asc2_1206                                0x08014d64   Data        1140  ssd1306.o(.constdata)
    asc2_1608                                0x080151d8   Data        1520  ssd1306.o(.constdata)
    asc2_2412                                0x080157c8   Data        3420  ssd1306.o(.constdata)
    Left_Arrow_88                            0x08016524   Data           8  xdrive_ui.o(.constdata)
    Forward_Arrow_88                         0x0801652c   Data           8  xdrive_ui.o(.constdata)
    Yes_88                                   0x08016534   Data           8  xdrive_ui.o(.constdata)
    No_88                                    0x0801653c   Data           8  xdrive_ui.o(.constdata)
    XDrive_ICON_12832                        0x08016544   Data         512  xdrive_ui.o(.constdata)
    Default_ICON_3232                        0x08016744   Data         128  xdrive_ui.o(.constdata)
    Desktop_ICON_3232                        0x080167c4   Data         128  xdrive_ui.o(.constdata)
    Main_Catalog_ICON_3232                   0x08016844   Data         128  xdrive_ui.o(.constdata)
    Sensor_ICON_3232                         0x080168c4   Data         128  xdrive_ui.o(.constdata)
    Variable_ICON_3232                       0x08016944   Data         128  xdrive_ui.o(.constdata)
    Parameters_ICON_3232                     0x080169c4   Data         128  xdrive_ui.o(.constdata)
    Calibration_ICON_3232                    0x08016a44   Data         128  xdrive_ui.o(.constdata)
    Information_ICON_3232                    0x08016ac4   Data         128  xdrive_ui.o(.constdata)
    Power_ICON_3232                          0x08016b44   Data         128  xdrive_ui.o(.constdata)
    Encoder_ICON_3232                        0x08016bc4   Data         128  xdrive_ui.o(.constdata)
    Location_ICON_3232                       0x08016c44   Data         128  xdrive_ui.o(.constdata)
    Speed_ICON_3232                          0x08016cc4   Data         128  xdrive_ui.o(.constdata)
    Current_ICON_3232                        0x08016d44   Data         128  xdrive_ui.o(.constdata)
    Region$$Table$$Base                      0x08016dc4   Number         0  anon$$obj.o(Region$$Table)
    Region$$Table$$Limit                     0x08016de4   Number         0  anon$$obj.o(Region$$Table)
    uwTickFreq                               0x20000000   Data           1  stm32f1xx_hal.o(.data)
    uwTickPrio                               0x20000004   Data           4  stm32f1xx_hal.o(.data)
    uwTick                                   0x20000008   Data           4  stm32f1xx_hal.o(.data)
    SystemCoreClock                          0x2000000c   Data           4  system_stm32f1xx.o(.data)
    Read_QuickCali_DATA                      0x20000010   Data           4  mt6816.o(.data)
    mt6816_spi                               0x20000014   Data           6  mt6816.o(.data)
    mt6816                                   0x2000001a   Data           6  mt6816.o(.data)
    coil_a                                   0x20000020   Data           6  hw_elec.o(.data)
    coil_b                                   0x20000026   Data           6  hw_elec.o(.data)
    signal_modbus                            0x2000002c   Data           6  signal_port.o(.data)
    stockpile_quick_cali                     0x20000034   Data          16  stockpile_f103cb.o(.data)
    ui_activated                             0x2000004c   Data           4  xdrive_ui.o(.data)
    ui_pitch                                 0x20000050   Data           4  xdrive_ui.o(.data)
    time_1ms_count                           0x20000054   Data           4  loop.o(.data)
    major_cycle_count                        0x20000058   Data           4  loop.o(.data)
    systick_20khz_flag                       0x20000070   Data           1  loop_it.o(.data)
    lit_1ms_divider                          0x20000071   Data           1  loop_it.o(.data)
    hadc1                                    0x20000074   Data          48  adc.o(.bss)
    hdma_adc1                                0x200000a4   Data          68  adc.o(.bss)
    whole_adc_data                           0x200000e8   Data          48  adc.o(.bss)
    hspi1                                    0x20000118   Data          88  spi.o(.bss)
    hspi2                                    0x20000170   Data          88  spi.o(.bss)
    htim2                                    0x200001c8   Data          64  tim.o(.bss)
    htim3                                    0x20000208   Data          64  tim.o(.bss)
    huart1                                   0x20000248   Data          64  usart.o(.bss)
    hdma_usart1_tx                           0x20000288   Data          68  usart.o(.bss)
    hdma_usart1_rx                           0x200002cc   Data          68  usart.o(.bss)
    dyn_uart1                                0x20000310   Data          12  usart.o(.bss)
    pFlash                                   0x20000320   Data          32  stm32f1xx_hal_flash.o(.bss)
    sg_cut                                   0x20000340   Data          24  signal_port.o(.bss)
    sg_pwm                                   0x20000358   Data          48  signal_port.o(.bss)
    signal_moreio                            0x20000388   Data          16  signal_port.o(.bss)
    muart1                                   0x20000398   Data         800  uart_mixed.o(.bss)
    pid                                      0x200006b8   Data          48  motor_control.o(.bss)
    dce                                      0x200006e8   Data          52  motor_control.o(.bss)
    mc_debug                                 0x2000071c   Data          12  motor_control.o(.bss)
    motor_control                            0x20000728   Data         100  motor_control.o(.bss)
    encode_cali                              0x2000078c   Data         868  encode_cali.o(.bss)
    location_tck                             0x20000af0   Data          56  location_tracker.o(.bss)
    speed_tck                                0x20000b28   Data          28  speed_tracker.o(.bss)
    current_tck                              0x20000b44   Data          28  current_tracker.o(.bss)
    move_reco                                0x20000b60   Data          56  move_reconstruct.o(.bss)
    location_interp                          0x20000b98   Data          28  location_interp.o(.bss)
    power                                    0x20000bb4   Data          12  power_detect.o(.bss)
    button                                   0x20000bc0   Data          24  button.o(.bss)
    ssd1306_gram                             0x20000bd8   Data         512  ssd1306.o(.bss)
    ui_data                                  0x20000dd8   Data          16  xdrive_ui.o(.bss)
    ui_switches                              0x20000de8   Data          28  xdrive_ui.o(.bss)
    ui_switches_pack                         0x20000e04   Data          12  xdrive_ui.o(.bss)
    ui_main_catalog                          0x20000e10   Data          28  xdrive_ui.o(.bss)
    ui_sensor                                0x20000e2c   Data          28  xdrive_ui.o(.bss)
    ui_variable                              0x20000e48   Data          28  xdrive_ui.o(.bss)
    ui_parameters                            0x20000e64   Data          28  xdrive_ui.o(.bss)
    ui_main_pack                             0x20000e80   Data          24  xdrive_ui.o(.bss)
    ui_sensor_pack                           0x20000e98   Data          24  xdrive_ui.o(.bss)
    ui_variable_pack                         0x20000eb0   Data          24  xdrive_ui.o(.bss)
    ui_parameters_pack                       0x20000ec8   Data          24  xdrive_ui.o(.bss)
    ui_desktop                               0x20000ee0   Data          28  xdrive_ui.o(.bss)
    ui_power                                 0x20000efc   Data          28  xdrive_ui.o(.bss)
    ui_encoder                               0x20000f18   Data          28  xdrive_ui.o(.bss)
    ui_location                              0x20000f34   Data          28  xdrive_ui.o(.bss)
    ui_speed                                 0x20000f50   Data          28  xdrive_ui.o(.bss)
    ui_current                               0x20000f6c   Data          28  xdrive_ui.o(.bss)
    ui_control_dce                           0x20000f88   Data          28  xdrive_ui.o(.bss)
    ui_control_pid                           0x20000fa4   Data          28  xdrive_ui.o(.bss)
    ui_signal_count                          0x20000fc0   Data          28  xdrive_ui.o(.bss)
    ui_signal_pwm                            0x20000fdc   Data          28  xdrive_ui.o(.bss)
    ui_calibration                           0x20000ff8   Data          28  xdrive_ui.o(.bss)
    ui_information                           0x20001014   Data          28  xdrive_ui.o(.bss)
    loop_it                                  0x20001030   Data          24  loop_it.o(.bss)
    __initial_sp                             0x20001448   Data           0  startup_stm32f103xb.o(STACK)



==============================================================================

Memory Map of the image

  Image Entry point : 0x0800c0ed

  Load Region LR_IROM1 (Base: 0x0800c000, Size: 0x0000ae58, Max: 0x0000bc00, ABSOLUTE)

    Execution Region ER_IROM1 (Exec base: 0x0800c000, Load base: 0x0800c000, Size: 0x0000ade4, Max: 0x0000bc00, ABSOLUTE)

    Exec Addr    Load Addr    Size         Type   Attr      Idx    E Section Name        Object

    0x0800c000   0x0800c000   0x000000ec   Data   RO            3    RESET               startup_stm32f103xb.o
    0x0800c0ec   0x0800c0ec   0x00000000   Code   RO         5447  * .ARM.Collect$$$$00000000  mc_w.l(entry.o)
    0x0800c0ec   0x0800c0ec   0x00000004   Code   RO         5731    .ARM.Collect$$$$00000001  mc_w.l(entry2.o)
    0x0800c0f0   0x0800c0f0   0x00000004   Code   RO         5734    .ARM.Collect$$$$00000004  mc_w.l(entry5.o)
    0x0800c0f4   0x0800c0f4   0x00000000   Code   RO         5736    .ARM.Collect$$$$00000008  mc_w.l(entry7b.o)
    0x0800c0f4   0x0800c0f4   0x00000000   Code   RO         5738    .ARM.Collect$$$$0000000A  mc_w.l(entry8b.o)
    0x0800c0f4   0x0800c0f4   0x00000008   Code   RO         5739    .ARM.Collect$$$$0000000B  mc_w.l(entry9a.o)
    0x0800c0fc   0x0800c0fc   0x00000004   Code   RO         5746    .ARM.Collect$$$$0000000E  mc_w.l(entry12b.o)
    0x0800c100   0x0800c100   0x00000000   Code   RO         5741    .ARM.Collect$$$$0000000F  mc_w.l(entry10a.o)
    0x0800c100   0x0800c100   0x00000000   Code   RO         5743    .ARM.Collect$$$$00000011  mc_w.l(entry11a.o)
    0x0800c100   0x0800c100   0x00000004   Code   RO         5732    .ARM.Collect$$$$00002712  mc_w.l(entry2.o)
    0x0800c104   0x0800c104   0x00000024   Code   RO            4    .text               startup_stm32f103xb.o
    0x0800c128   0x0800c128   0x00000020   Code   RO         5450    .text               mc_w.l(llushr.o)
    0x0800c148   0x0800c148   0x00000024   Code   RO         5452    .text               mc_w.l(memcpya.o)
    0x0800c16c   0x0800c16c   0x00000024   Code   RO         5454    .text               mc_w.l(memseta.o)
    0x0800c190   0x0800c190   0x0000000e   Code   RO         5456    .text               mc_w.l(strlen.o)
    0x0800c19e   0x0800c19e   0x00000064   Code   RO         5721    .text               mf_w.l(fmul.o)
    0x0800c202   0x0800c202   0x0000007c   Code   RO         5723    .text               mf_w.l(fdiv.o)
    0x0800c27e   0x0800c27e   0x00000012   Code   RO         5725    .text               mf_w.l(fflti.o)
    0x0800c290   0x0800c290   0x00000032   Code   RO         5727    .text               mf_w.l(ffixi.o)
    0x0800c2c2   0x0800c2c2   0x0000002c   Code   RO         5750    .text               mc_w.l(uidiv.o)
    0x0800c2ee   0x0800c2ee   0x00000062   Code   RO         5752    .text               mc_w.l(uldiv.o)
    0x0800c350   0x0800c350   0x00000000   Code   RO         5754    .text               mc_w.l(iusefp.o)
    0x0800c350   0x0800c350   0x0000006e   Code   RO         5755    .text               mf_w.l(fepilogue.o)
    0x0800c3be   0x0800c3be   0x0000014e   Code   RO         5757    .text               mf_w.l(dadd.o)
    0x0800c50c   0x0800c50c   0x000000e4   Code   RO         5759    .text               mf_w.l(dmul.o)
    0x0800c5f0   0x0800c5f0   0x000000de   Code   RO         5761    .text               mf_w.l(ddiv.o)
    0x0800c6ce   0x0800c6ce   0x00000030   Code   RO         5763    .text               mf_w.l(dfixul.o)
    0x0800c6fe   0x0800c6fe   0x00000002   PAD
    0x0800c700   0x0800c700   0x00000030   Code   RO         5765    .text               mf_w.l(cdrcmple.o)
    0x0800c730   0x0800c730   0x00000024   Code   RO         5767    .text               mc_w.l(init.o)
    0x0800c754   0x0800c754   0x0000001e   Code   RO         5770    .text               mc_w.l(llshl.o)
    0x0800c772   0x0800c772   0x00000024   Code   RO         5772    .text               mc_w.l(llsshr.o)
    0x0800c796   0x0800c796   0x000000ba   Code   RO         5775    .text               mf_w.l(depilogue.o)
    0x0800c850   0x0800c850   0x0000004a   Code   RO          764    i.ADC_ConversionStop_Disable  stm32f1xx_hal_adc.o
    0x0800c89a   0x0800c89a   0x0000004e   Code   RO          765    i.ADC_DMAConvCplt   stm32f1xx_hal_adc.o
    0x0800c8e8   0x0800c8e8   0x0000001a   Code   RO          766    i.ADC_DMAError      stm32f1xx_hal_adc.o
    0x0800c902   0x0800c902   0x0000000a   Code   RO          767    i.ADC_DMAHalfConvCplt  stm32f1xx_hal_adc.o
    0x0800c90c   0x0800c90c   0x00000070   Code   RO          768    i.ADC_Enable        stm32f1xx_hal_adc.o
    0x0800c97c   0x0800c97c   0x00000002   Code   RO          491    i.BusFault_Handler  stm32f1xx_it.o
    0x0800c97e   0x0800c97e   0x00000002   PAD
    0x0800c980   0x0800c980   0x00000028   Code   RO         4973    i.Button_Init       button.o
    0x0800c9a8   0x0800c9a8   0x00000018   Code   RO         4974    i.Button_Inquice_State  button.o
    0x0800c9c0   0x0800c9c0   0x00000024   Code   RO         4975    i.Button_Read_Level  button.o
    0x0800c9e4   0x0800c9e4   0x00000088   Code   RO         4976    i.Button_Scan_ms    button.o
    0x0800ca6c   0x0800ca6c   0x0000014c   Code   RO         4581    i.Calibration_Data_Check  encode_cali.o
    0x0800cbb8   0x0800cbb8   0x00000020   Code   RO         4582    i.Calibration_Init  encode_cali.o
    0x0800cbd8   0x0800cbd8   0x00000158   Code   RO         4583    i.Calibration_Interrupt_Callback  encode_cali.o
    0x0800cd30   0x0800cd30   0x00000294   Code   RO         4584    i.Calibration_Loop_Callback  encode_cali.o
    0x0800cfc4   0x0800cfc4   0x00000028   Code   RO         4360    i.Control_Cur_To_Electric  motor_control.o
    0x0800cfec   0x0800cfec   0x00000048   Code   RO         4361    i.Control_DCE_Init  motor_control.o
    0x0800d034   0x0800d034   0x00000018   Code   RO         4362    i.Control_DCE_SetKD  motor_control.o
    0x0800d04c   0x0800d04c   0x00000018   Code   RO         4363    i.Control_DCE_SetKI  motor_control.o
    0x0800d064   0x0800d064   0x00000018   Code   RO         4364    i.Control_DCE_SetKP  motor_control.o
    0x0800d07c   0x0800d07c   0x00000018   Code   RO         4365    i.Control_DCE_SetKV  motor_control.o
    0x0800d094   0x0800d094   0x000000b4   Code   RO         4367    i.Control_DCE_To_Electric  motor_control.o
    0x0800d148   0x0800d148   0x0000003c   Code   RO         4368    i.Control_PID_Init  motor_control.o
    0x0800d184   0x0800d184   0x00000018   Code   RO         4369    i.Control_PID_SetKD  motor_control.o
    0x0800d19c   0x0800d19c   0x00000018   Code   RO         4370    i.Control_PID_SetKI  motor_control.o
    0x0800d1b4   0x0800d1b4   0x00000018   Code   RO         4371    i.Control_PID_SetKP  motor_control.o
    0x0800d1cc   0x0800d1cc   0x0000009c   Code   RO         4373    i.Control_PID_To_Electric  motor_control.o
    0x0800d268   0x0800d268   0x00000014   Code   RO         3931    i.CurrentControl_VREF_12Bit_MixOut  hw_elec.o
    0x0800d27c   0x0800d27c   0x000000a4   Code   RO         4779    i.Current_Tracker_Capture_Goal  current_tracker.o
    0x0800d320   0x0800d320   0x0000002c   Code   RO         4780    i.Current_Tracker_Init  current_tracker.o
    0x0800d34c   0x0800d34c   0x00000010   Code   RO         4781    i.Current_Tracker_NewTask  current_tracker.o
    0x0800d35c   0x0800d35c   0x00000024   Code   RO         4783    i.Current_Tracker_Set_DownRate  current_tracker.o
    0x0800d380   0x0800d380   0x00000024   Code   RO         4784    i.Current_Tracker_Set_UpRate  current_tracker.o
    0x0800d3a4   0x0800d3a4   0x00000024   Code   RO         4585    i.CycleAverage      encode_cali.o
    0x0800d3c8   0x0800d3c8   0x00000046   Code   RO         4586    i.CycleDataAverage  encode_cali.o
    0x0800d40e   0x0800d40e   0x0000000c   Code   RO         4587    i.CycleRem          encode_cali.o
    0x0800d41a   0x0800d41a   0x00000016   Code   RO         4588    i.CycleSub          encode_cali.o
    0x0800d430   0x0800d430   0x0000001c   Code   RO         5380    i.DMA1_Channel4_IRQHandler  loop_it.o
    0x0800d44c   0x0800d44c   0x0000001c   Code   RO         5381    i.DMA1_Channel5_IRQHandler  loop_it.o
    0x0800d468   0x0800d468   0x0000002a   Code   RO         1418    i.DMA_SetConfig     stm32f1xx_hal_dma.o
    0x0800d492   0x0800d492   0x00000002   Code   RO          492    i.DebugMon_Handler  stm32f1xx_it.o
    0x0800d494   0x0800d494   0x00000024   Code   RO         5382    i.EXTI9_5_IRQHandler  loop_it.o
    0x0800d4b8   0x0800d4b8   0x00000002   Code   RO           13    i.Error_Handler     main.o
    0x0800d4ba   0x0800d4ba   0x00000002   PAD
    0x0800d4bc   0x0800d4bc   0x00000024   Code   RO         1858    i.FLASH_MassErase   stm32f1xx_hal_flash_ex.o
    0x0800d4e0   0x0800d4e0   0x00000024   Code   RO         1863    i.FLASH_PageErase   stm32f1xx_hal_flash_ex.o
    0x0800d504   0x0800d504   0x0000001c   Code   RO         1755    i.FLASH_Program_HalfWord  stm32f1xx_hal_flash.o
    0x0800d520   0x0800d520   0x0000005c   Code   RO         1756    i.FLASH_SetErrorCode  stm32f1xx_hal_flash.o
    0x0800d57c   0x0800d57c   0x00000054   Code   RO         1757    i.FLASH_WaitForLastOperation  stm32f1xx_hal_flash.o
    0x0800d5d0   0x0800d5d0   0x00000020   Code   RO         5021    i.GRAM_Clear        ssd1306.o
    0x0800d5f0   0x0800d5f0   0x000000f6   Code   RO         5023    i.GRAM_DrawLine     ssd1306.o
    0x0800d6e6   0x0800d6e6   0x00000028   Code   RO         5024    i.GRAM_DrawPoint    ssd1306.o
    0x0800d70e   0x0800d70e   0x00000002   PAD
    0x0800d710   0x0800d710   0x00000130   Code   RO         5025    i.GRAM_ShowChar     ssd1306.o
    0x0800d840   0x0800d840   0x0000006c   Code   RO         5027    i.GRAM_ShowNum_LI_Max11  ssd1306.o
    0x0800d8ac   0x0800d8ac   0x0000008e   Code   RO         5029    i.GRAM_ShowPicture  ssd1306.o
    0x0800d93a   0x0800d93a   0x0000004e   Code   RO         5030    i.GRAM_ShowString   ssd1306.o
    0x0800d988   0x0800d988   0x000000c8   Code   RO          944    i.HAL_ADCEx_Calibration_Start  stm32f1xx_hal_adc_ex.o
    0x0800da50   0x0800da50   0x000000fc   Code   RO          770    i.HAL_ADC_ConfigChannel  stm32f1xx_hal_adc.o
    0x0800db4c   0x0800db4c   0x00000002   Code   RO          771    i.HAL_ADC_ConvCpltCallback  stm32f1xx_hal_adc.o
    0x0800db4e   0x0800db4e   0x00000002   Code   RO          772    i.HAL_ADC_ConvHalfCpltCallback  stm32f1xx_hal_adc.o
    0x0800db50   0x0800db50   0x00000002   Code   RO          774    i.HAL_ADC_ErrorCallback  stm32f1xx_hal_adc.o
    0x0800db52   0x0800db52   0x00000002   PAD
    0x0800db54   0x0800db54   0x0000011c   Code   RO          779    i.HAL_ADC_Init      stm32f1xx_hal_adc.o
    0x0800dc70   0x0800dc70   0x00000002   Code   RO          782    i.HAL_ADC_MspInit   stm32f1xx_hal_adc.o
    0x0800dc72   0x0800dc72   0x00000002   PAD
    0x0800dc74   0x0800dc74   0x0000010c   Code   RO          786    i.HAL_ADC_Start_DMA  stm32f1xx_hal_adc.o
    0x0800dd80   0x0800dd80   0x00000046   Code   RO         1419    i.HAL_DMA_Abort     stm32f1xx_hal_dma.o
    0x0800ddc6   0x0800ddc6   0x00000002   PAD
    0x0800ddc8   0x0800ddc8   0x00000098   Code   RO         1420    i.HAL_DMA_Abort_IT  stm32f1xx_hal_dma.o
    0x0800de60   0x0800de60   0x00000004   Code   RO         1422    i.HAL_DMA_GetError  stm32f1xx_hal_dma.o
    0x0800de64   0x0800de64   0x00000158   Code   RO         1424    i.HAL_DMA_IRQHandler  stm32f1xx_hal_dma.o
    0x0800dfbc   0x0800dfbc   0x0000005c   Code   RO         1425    i.HAL_DMA_Init      stm32f1xx_hal_dma.o
    0x0800e018   0x0800e018   0x00000070   Code   RO         1429    i.HAL_DMA_Start_IT  stm32f1xx_hal_dma.o
    0x0800e088   0x0800e088   0x00000024   Code   RO         1047    i.HAL_Delay         stm32f1xx_hal.o
    0x0800e0ac   0x0800e0ac   0x000000a8   Code   RO         1864    i.HAL_FLASHEx_Erase  stm32f1xx_hal_flash_ex.o
    0x0800e154   0x0800e154   0x00000014   Code   RO         1761    i.HAL_FLASH_Lock    stm32f1xx_hal_flash.o
    0x0800e168   0x0800e168   0x00000084   Code   RO         1766    i.HAL_FLASH_Program  stm32f1xx_hal_flash.o
    0x0800e1ec   0x0800e1ec   0x00000028   Code   RO         1768    i.HAL_FLASH_Unlock  stm32f1xx_hal_flash.o
    0x0800e214   0x0800e214   0x000000e0   Code   RO         1352    i.HAL_GPIO_DeInit   stm32f1xx_hal_gpio.o
    0x0800e2f4   0x0800e2f4   0x000001cc   Code   RO         1355    i.HAL_GPIO_Init     stm32f1xx_hal_gpio.o
    0x0800e4c0   0x0800e4c0   0x0000000a   Code   RO         1359    i.HAL_GPIO_WritePin  stm32f1xx_hal_gpio.o
    0x0800e4ca   0x0800e4ca   0x00000002   PAD
    0x0800e4cc   0x0800e4cc   0x0000000c   Code   RO         1051    i.HAL_GetTick       stm32f1xx_hal.o
    0x0800e4d8   0x0800e4d8   0x00000010   Code   RO         1057    i.HAL_IncTick       stm32f1xx_hal.o
    0x0800e4e8   0x0800e4e8   0x00000024   Code   RO         1058    i.HAL_Init          stm32f1xx_hal.o
    0x0800e50c   0x0800e50c   0x00000040   Code   RO         1059    i.HAL_InitTick      stm32f1xx_hal.o
    0x0800e54c   0x0800e54c   0x0000003c   Code   RO          650    i.HAL_MspInit       stm32f1xx_hal_msp.o
    0x0800e588   0x0800e588   0x00000022   Code   RO         1514    i.HAL_NVIC_DisableIRQ  stm32f1xx_hal_cortex.o
    0x0800e5aa   0x0800e5aa   0x0000001a   Code   RO         1515    i.HAL_NVIC_EnableIRQ  stm32f1xx_hal_cortex.o
    0x0800e5c4   0x0800e5c4   0x00000040   Code   RO         1521    i.HAL_NVIC_SetPriority  stm32f1xx_hal_cortex.o
    0x0800e604   0x0800e604   0x00000024   Code   RO         1522    i.HAL_NVIC_SetPriorityGrouping  stm32f1xx_hal_cortex.o
    0x0800e628   0x0800e628   0x000000c8   Code   RO         1317    i.HAL_RCCEx_GetPeriphCLKFreq  stm32f1xx_hal_rcc_ex.o
    0x0800e6f0   0x0800e6f0   0x000000e8   Code   RO         1318    i.HAL_RCCEx_PeriphCLKConfig  stm32f1xx_hal_rcc_ex.o
    0x0800e7d8   0x0800e7d8   0x00000138   Code   RO         1215    i.HAL_RCC_ClockConfig  stm32f1xx_hal_rcc.o
    0x0800e910   0x0800e910   0x00000020   Code   RO         1222    i.HAL_RCC_GetPCLK1Freq  stm32f1xx_hal_rcc.o
    0x0800e930   0x0800e930   0x00000020   Code   RO         1223    i.HAL_RCC_GetPCLK2Freq  stm32f1xx_hal_rcc.o
    0x0800e950   0x0800e950   0x00000074   Code   RO         1224    i.HAL_RCC_GetSysClockFreq  stm32f1xx_hal_rcc.o
    0x0800e9c4   0x0800e9c4   0x00000318   Code   RO         1227    i.HAL_RCC_OscConfig  stm32f1xx_hal_rcc.o
    0x0800ecdc   0x0800ecdc   0x0000007c   Code   RO         2260    i.HAL_SPI_Init      stm32f1xx_hal_spi.o
    0x0800ed58   0x0800ed58   0x00000002   Code   RO         2262    i.HAL_SPI_MspInit   stm32f1xx_hal_spi.o
    0x0800ed5a   0x0800ed5a   0x0000015e   Code   RO         2268    i.HAL_SPI_Transmit  stm32f1xx_hal_spi.o
    0x0800eeb8   0x0800eeb8   0x000001da   Code   RO         2269    i.HAL_SPI_TransmitReceive  stm32f1xx_hal_spi.o
    0x0800f092   0x0800f092   0x00000028   Code   RO         1526    i.HAL_SYSTICK_Config  stm32f1xx_hal_cortex.o
    0x0800f0ba   0x0800f0ba   0x00000042   Code   RO         3266    i.HAL_TIMEx_MasterConfigSynchronization  stm32f1xx_hal_tim_ex.o
    0x0800f0fc   0x0800f0fc   0x00000036   Code   RO         2573    i.HAL_TIM_Base_Init  stm32f1xx_hal_tim.o
    0x0800f132   0x0800f132   0x00000002   Code   RO         2575    i.HAL_TIM_Base_MspInit  stm32f1xx_hal_tim.o
    0x0800f134   0x0800f134   0x00000024   Code   RO         2576    i.HAL_TIM_Base_Start  stm32f1xx_hal_tim.o
    0x0800f158   0x0800f158   0x00000022   Code   RO         2578    i.HAL_TIM_Base_Start_IT  stm32f1xx_hal_tim.o
    0x0800f17a   0x0800f17a   0x0000002c   Code   RO         2579    i.HAL_TIM_Base_Stop  stm32f1xx_hal_tim.o
    0x0800f1a6   0x0800f1a6   0x0000002a   Code   RO         2581    i.HAL_TIM_Base_Stop_IT  stm32f1xx_hal_tim.o
    0x0800f1d0   0x0800f1d0   0x0000011a   Code   RO         2604    i.HAL_TIM_IC_ConfigChannel  stm32f1xx_hal_tim.o
    0x0800f2ea   0x0800f2ea   0x00000036   Code   RO         2607    i.HAL_TIM_IC_Init   stm32f1xx_hal_tim.o
    0x0800f320   0x0800f320   0x00000002   Code   RO         2609    i.HAL_TIM_IC_MspInit  stm32f1xx_hal_tim.o
    0x0800f322   0x0800f322   0x00000002   PAD
    0x0800f324   0x0800f324   0x0000006c   Code   RO         2626    i.HAL_TIM_OC_Start_IT  stm32f1xx_hal_tim.o
    0x0800f390   0x0800f390   0x00000080   Code   RO         2629    i.HAL_TIM_OC_Stop_IT  stm32f1xx_hal_tim.o
    0x0800f410   0x0800f410   0x000000d0   Code   RO         2640    i.HAL_TIM_PWM_ConfigChannel  stm32f1xx_hal_tim.o
    0x0800f4e0   0x0800f4e0   0x00000036   Code   RO         2643    i.HAL_TIM_PWM_Init  stm32f1xx_hal_tim.o
    0x0800f516   0x0800f516   0x00000002   Code   RO         2645    i.HAL_TIM_PWM_MspInit  stm32f1xx_hal_tim.o
    0x0800f518   0x0800f518   0x00000038   Code   RO         2648    i.HAL_TIM_PWM_Start  stm32f1xx_hal_tim.o
    0x0800f550   0x0800f550   0x0000002a   Code   RO         2656    i.HAL_TIM_ReadCapturedValue  stm32f1xx_hal_tim.o
    0x0800f57a   0x0800f57a   0x00000052   Code   RO         2657    i.HAL_TIM_SlaveConfigSynchro  stm32f1xx_hal_tim.o
    0x0800f5cc   0x0800f5cc   0x00000058   Code   RO         3509    i.HAL_UART_AbortReceive  stm32f1xx_hal_uart.o
    0x0800f624   0x0800f624   0x00000002   Code   RO         3520    i.HAL_UART_ErrorCallback  stm32f1xx_hal_uart.o
    0x0800f626   0x0800f626   0x00000002   PAD
    0x0800f628   0x0800f628   0x00000110   Code   RO         3523    i.HAL_UART_IRQHandler  stm32f1xx_hal_uart.o
    0x0800f738   0x0800f738   0x00000062   Code   RO         3524    i.HAL_UART_Init     stm32f1xx_hal_uart.o
    0x0800f79a   0x0800f79a   0x00000002   Code   RO         3526    i.HAL_UART_MspInit  stm32f1xx_hal_uart.o
    0x0800f79c   0x0800f79c   0x00000098   Code   RO         3528    i.HAL_UART_Receive_DMA  stm32f1xx_hal_uart.o
    0x0800f834   0x0800f834   0x00000064   Code   RO         4191    i.HAL_UART_RxCpltCallback  uart_mixed.o
    0x0800f898   0x0800f898   0x00000002   Code   RO         3531    i.HAL_UART_RxHalfCpltCallback  stm32f1xx_hal_uart.o
    0x0800f89a   0x0800f89a   0x0000002e   Code   RO         4192    i.HAL_UART_TxCpltCallback  uart_mixed.o
    0x0800f8c8   0x0800f8c8   0x00000002   Code   RO          493    i.HardFault_Handler  stm32f1xx_it.o
    0x0800f8ca   0x0800f8ca   0x00000002   PAD
    0x0800f8cc   0x0800f8cc   0x00000038   Code   RO         4897    i.Location_Interp_Capture_Goal  location_interp.o
    0x0800f904   0x0800f904   0x00000018   Code   RO         4898    i.Location_Interp_Init  location_interp.o
    0x0800f91c   0x0800f91c   0x00000010   Code   RO         4899    i.Location_Interp_NewTask  location_interp.o
    0x0800f92c   0x0800f92c   0x00000200   Code   RO         4655    i.Location_Tracker_Capture_Goal  location_tracker.o
    0x0800fb2c   0x0800fb2c   0x00000048   Code   RO         4656    i.Location_Tracker_Init  location_tracker.o
    0x0800fb74   0x0800fb74   0x00000014   Code   RO         4657    i.Location_Tracker_NewTask  location_tracker.o
    0x0800fb88   0x0800fb88   0x00000038   Code   RO         4659    i.Location_Tracker_Set_DownAcc  location_tracker.o
    0x0800fbc0   0x0800fbc0   0x00000024   Code   RO         4660    i.Location_Tracker_Set_MaxSpeed  location_tracker.o
    0x0800fbe4   0x0800fbe4   0x00000024   Code   RO         4661    i.Location_Tracker_Set_UpAcc  location_tracker.o
    0x0800fc08   0x0800fc08   0x00000042   Code   RO         5383    i.LoopIT_Priority_Overlay  loop_it.o
    0x0800fc4a   0x0800fc4a   0x00000002   PAD
    0x0800fc4c   0x0800fc4c   0x00000020   Code   RO         5384    i.LoopIT_SysTick_20KHz  loop_it.o
    0x0800fc6c   0x0800fc6c   0x00000002   Code   RO          494    i.MemManage_Handler  stm32f1xx_it.o
    0x0800fc6e   0x0800fc6e   0x00000002   PAD
    0x0800fc70   0x0800fc70   0x000000a8   Code   RO         4374    i.Motor_Control_AdvanceCompen  motor_control.o
    0x0800fd18   0x0800fd18   0x0000042e   Code   RO         4375    i.Motor_Control_Callback  motor_control.o
    0x08010146   0x08010146   0x00000002   PAD
    0x08010148   0x08010148   0x00000020   Code   RO         4376    i.Motor_Control_Clear_Integral  motor_control.o
    0x08010168   0x08010168   0x00000010   Code   RO         4377    i.Motor_Control_Clear_Stall  motor_control.o
    0x08010178   0x08010178   0x0000008c   Code   RO         4378    i.Motor_Control_Init  motor_control.o
    0x08010204   0x08010204   0x00000010   Code   RO         4380    i.Motor_Control_SetMotorMode  motor_control.o
    0x08010214   0x08010214   0x00000010   Code   RO         4381    i.Motor_Control_SetStallSwitch  motor_control.o
    0x08010224   0x08010224   0x00000030   Code   RO         4387    i.Motor_MultiDebug_Location  motor_control.o
    0x08010254   0x08010254   0x00000010   Code   RO         4388    i.Motor_MultiDebug_Speed  motor_control.o
    0x08010264   0x08010264   0x00000104   Code   RO         4838    i.Move_Reconstruct_Capture_Goal  move_reconstruct.o
    0x08010368   0x08010368   0x0000003c   Code   RO         4839    i.Move_Reconstruct_Init  move_reconstruct.o
    0x080103a4   0x080103a4   0x00000018   Code   RO         4840    i.Move_Reconstruct_NewTask  move_reconstruct.o
    0x080103bc   0x080103bc   0x00000024   Code   RO         4842    i.Move_Reconstruct_Set_DownAcc  move_reconstruct.o
    0x080103e0   0x080103e0   0x00000020   Code   RO         4843    i.Move_Reconstruct_Set_OverTime  move_reconstruct.o
    0x08010400   0x08010400   0x00000002   Code   RO          495    i.NMI_Handler       stm32f1xx_it.o
    0x08010402   0x08010402   0x00000002   Code   RO          496    i.PendSV_Handler    stm32f1xx_it.o
    0x08010404   0x08010404   0x00000030   Code   RO         4954    i.Power_Detection_Run  power_detect.o
    0x08010434   0x08010434   0x000000f4   Code   RO          186    i.REIN_ADC_Init     adc.o
    0x08010528   0x08010528   0x00000028   Code   RO          229    i.REIN_DMA_Init     dma.o
    0x08010550   0x08010550   0x0000005c   Code   RO          256    i.REIN_GPIO_Button_Init  gpio.o
    0x080105ac   0x080105ac   0x000000c4   Code   RO          257    i.REIN_GPIO_HwElec_Init  gpio.o
    0x08010670   0x08010670   0x00000044   Code   RO          259    i.REIN_GPIO_MT6816_SPI_Init  gpio.o
    0x080106b4   0x080106b4   0x00000040   Code   RO          260    i.REIN_GPIO_Modbus_Init  gpio.o
    0x080106f4   0x080106f4   0x00000098   Code   RO          261    i.REIN_GPIO_OLED_Init  gpio.o
    0x0801078c   0x0801078c   0x00000024   Code   RO          262    i.REIN_GPIO_SIGNAL_COUNT_DeInit  gpio.o
    0x080107b0   0x080107b0   0x00000068   Code   RO          263    i.REIN_GPIO_SIGNAL_COUNT_Init  gpio.o
    0x08010818   0x08010818   0x00000020   Code   RO          264    i.REIN_GPIO_SIGNAL_PWM_DeInit  gpio.o
    0x08010838   0x08010838   0x0000005c   Code   RO          265    i.REIN_GPIO_SIGNAL_PWM_Init  gpio.o
    0x08010894   0x08010894   0x0000000e   Code   RO         3932    i.REIN_HW_Elec_Init  hw_elec.o
    0x080108a2   0x080108a2   0x00000002   PAD
    0x080108a4   0x080108a4   0x00000030   Code   RO         3933    i.REIN_HW_Elec_SetBrake  hw_elec.o
    0x080108d4   0x080108d4   0x00000138   Code   RO         3934    i.REIN_HW_Elec_SetDivideElec  hw_elec.o
    0x08010a0c   0x08010a0c   0x00000030   Code   RO         3935    i.REIN_HW_Elec_SetSleep  hw_elec.o
    0x08010a3c   0x08010a3c   0x00000024   Code   RO         3881    i.REIN_MT6816_Get_AngleData  mt6816.o
    0x08010a60   0x08010a60   0x0000003c   Code   RO         3882    i.REIN_MT6816_Init  mt6816.o
    0x08010a9c   0x08010a9c   0x0000001c   Code   RO         3883    i.REIN_MT6816_SPI_Signal_Init  mt6816.o
    0x08010ab8   0x08010ab8   0x000000e0   Code   RO          340    i.REIN_SPI_MT6816_SPI_Init  spi.o
    0x08010b98   0x08010b98   0x000000b0   Code   RO          341    i.REIN_SPI_OLED_SPI_Init  spi.o
    0x08010c48   0x08010c48   0x00000104   Code   RO          376    i.REIN_TIM_HwElec_Init  tim.o
    0x08010d4c   0x08010d4c   0x0000001c   Code   RO          377    i.REIN_TIM_SIGNAL_COUNT_DeInit  tim.o
    0x08010d68   0x08010d68   0x000000ac   Code   RO          378    i.REIN_TIM_SIGNAL_COUNT_Init  tim.o
    0x08010e14   0x08010e14   0x0000002c   Code   RO          379    i.REIN_TIM_SIGNAL_PWM_DeInit  tim.o
    0x08010e40   0x08010e40   0x0000010c   Code   RO          380    i.REIN_TIM_SIGNAL_PWM_Init  tim.o
    0x08010f4c   0x08010f4c   0x00000078   Code   RO          432    i.REIN_UART_Modbus_Config  usart.o
    0x08010fc4   0x08010fc4   0x0000011c   Code   RO          433    i.REIN_UART_Modbus_Init  usart.o
    0x080110e0   0x080110e0   0x00000020   Code   RO          435    i.REIN_UART_Modbus_Set_BaudRate  usart.o
    0x08011100   0x08011100   0x00000028   Code   RO          437    i.REIN_UART_Modbus_Set_Mode  usart.o
    0x08011128   0x08011128   0x00000278   Code   RO         5155    i.REINui_Calibration_drawing_function  xdrive_ui.o
    0x080113a0   0x080113a0   0x000000f4   Code   RO         5156    i.REINui_ControlDCE_drawing_function  xdrive_ui.o
    0x08011494   0x08011494   0x000000c4   Code   RO         5157    i.REINui_ControlPID_drawing_function  xdrive_ui.o
    0x08011558   0x08011558   0x00000098   Code   RO         5158    i.REINui_Current_drawing_function  xdrive_ui.o
    0x080115f0   0x080115f0   0x000005c8   Code   RO         5159    i.REINui_Desktop_drawing_function  xdrive_ui.o
    0x08011bb8   0x08011bb8   0x0000001c   Code   RO         5160    i.REINui_Directory_Append_Widget  xdrive_ui.o
    0x08011bd4   0x08011bd4   0x0000000a   Code   RO         5161    i.REINui_Directory_Init  xdrive_ui.o
    0x08011bde   0x08011bde   0x00000002   PAD
    0x08011be0   0x08011be0   0x000001e4   Code   RO         5162    i.REINui_Directory_drawing_function  xdrive_ui.o
    0x08011dc4   0x08011dc4   0x00000098   Code   RO         5163    i.REINui_Encoder_drawing_function  xdrive_ui.o
    0x08011e5c   0x08011e5c   0x000000e4   Code   RO         5164    i.REINui_Information_drawing_function  xdrive_ui.o
    0x08011f40   0x08011f40   0x00000098   Code   RO         5165    i.REINui_Location_drawing_function  xdrive_ui.o
    0x08011fd8   0x08011fd8   0x00000098   Code   RO         5166    i.REINui_Power_drawing_function  xdrive_ui.o
    0x08012070   0x08012070   0x000000b4   Code   RO         5167    i.REINui_SignalCount_drawing_function  xdrive_ui.o
    0x08012124   0x08012124   0x0000011c   Code   RO         5168    i.REINui_SignalPWM_drawing_function  xdrive_ui.o
    0x08012240   0x08012240   0x00000098   Code   RO         5169    i.REINui_Speed_drawing_function  xdrive_ui.o
    0x080122d8   0x080122d8   0x0000000c   Code   RO         5170    i.REINui_Switches_Init  xdrive_ui.o
    0x080122e4   0x080122e4   0x00000010   Code   RO         5171    i.REINui_Switches_drawing_function  xdrive_ui.o
    0x080122f4   0x080122f4   0x00000048   Code   RO         5172    i.REINui_Widget_Init  xdrive_ui.o
    0x0801233c   0x0801233c   0x000000c0   Code   RO         3884    i.RINE_MT6816_SPI_Get_AngleData  mt6816.o
    0x080123fc   0x080123fc   0x00000020   Code   RO         2298    i.SPI_EndRxTxTransaction  stm32f1xx_hal_spi.o
    0x0801241c   0x0801241c   0x00000094   Code   RO         2303    i.SPI_WaitFlagStateUntilTimeout  stm32f1xx_hal_spi.o
    0x080124b0   0x080124b0   0x000000c8   Code   RO         5034    i.SSD1306_Init      ssd1306.o
    0x08012578   0x08012578   0x0000001e   Code   RO         5035    i.SSD1306_Orien_Reversal  ssd1306.o
    0x08012596   0x08012596   0x0000003a   Code   RO         5036    i.SSD1306_Refresh   ssd1306.o
    0x080125d0   0x080125d0   0x00000030   Code   RO         5037    i.SSD1306_Write_Comm  ssd1306.o
    0x08012600   0x08012600   0x0000002c   Code   RO         5038    i.SSD1306_Write_Data  ssd1306.o
    0x0801262c   0x0801262c   0x00000002   Code   RO          497    i.SVC_Handler       stm32f1xx_it.o
    0x0801262e   0x0801262e   0x00000002   PAD
    0x08012630   0x08012630   0x00000014   Code   RO         4193    i.Seek_UART_Mixed   uart_mixed.o
    0x08012644   0x08012644   0x0000005c   Code   RO         3989    i.Signal_Count_Capture_Goal  signal_port.o
    0x080126a0   0x080126a0   0x00000012   Code   RO         3990    i.Signal_Count_Config  signal_port.o
    0x080126b2   0x080126b2   0x0000000e   Code   RO         3991    i.Signal_Count_DeConfig  signal_port.o
    0x080126c0   0x080126c0   0x0000003c   Code   RO         3992    i.Signal_Count_Dir_Res  signal_port.o
    0x080126fc   0x080126fc   0x0000002c   Code   RO         3993    i.Signal_Count_Init  signal_port.o
    0x08012728   0x08012728   0x00000014   Code   RO         3994    i.Signal_Count_SetDirInve  signal_port.o
    0x0801273c   0x0801273c   0x00000010   Code   RO         3995    i.Signal_Count_SetEnInve  signal_port.o
    0x0801274c   0x0801274c   0x0000003c   Code   RO         3996    i.Signal_Count_SetFraction  signal_port.o
    0x08012788   0x08012788   0x00000018   Code   RO         3997    i.Signal_Modbus_Init  signal_port.o
    0x080127a0   0x080127a0   0x00000018   Code   RO         4000    i.Signal_Modbus_Set_ID  signal_port.o
    0x080127b8   0x080127b8   0x0000001c   Code   RO         4002    i.Signal_MoreIO_Capture_Goal  signal_port.o
    0x080127d4   0x080127d4   0x0000004c   Code   RO         4003    i.Signal_MoreIO_Config  signal_port.o
    0x08012820   0x08012820   0x00000018   Code   RO         4004    i.Signal_MoreIO_Init  signal_port.o
    0x08012838   0x08012838   0x0000002c   Code   RO         4006    i.Signal_PWM_Config  signal_port.o
    0x08012864   0x08012864   0x0000000e   Code   RO         4007    i.Signal_PWM_DeConfig  signal_port.o
    0x08012872   0x08012872   0x00000002   PAD
    0x08012874   0x08012874   0x00000068   Code   RO         4008    i.Signal_PWM_Init   signal_port.o
    0x080128dc   0x080128dc   0x0000001c   Code   RO         4009    i.Signal_PWM_Set_BottomCurrent  signal_port.o
    0x080128f8   0x080128f8   0x00000010   Code   RO         4010    i.Signal_PWM_Set_BottomLocation  signal_port.o
    0x08012908   0x08012908   0x00000020   Code   RO         4011    i.Signal_PWM_Set_BottomSpeed  signal_port.o
    0x08012928   0x08012928   0x0000001c   Code   RO         4012    i.Signal_PWM_Set_BottomWidth  signal_port.o
    0x08012944   0x08012944   0x0000001c   Code   RO         4014    i.Signal_PWM_Set_TopCurrent  signal_port.o
    0x08012960   0x08012960   0x00000010   Code   RO         4015    i.Signal_PWM_Set_TopLocation  signal_port.o
    0x08012970   0x08012970   0x00000020   Code   RO         4016    i.Signal_PWM_Set_TopSpeed  signal_port.o
    0x08012990   0x08012990   0x0000001c   Code   RO         4017    i.Signal_PWM_Set_TopWidth  signal_port.o
    0x080129ac   0x080129ac   0x00000230   Code   RO         4018    i.Signal_PWM_TIM_Callback  signal_port.o
    0x08012bdc   0x08012bdc   0x000000a4   Code   RO         4720    i.Speed_Tracker_Capture_Goal  speed_tracker.o
    0x08012c80   0x08012c80   0x0000002c   Code   RO         4721    i.Speed_Tracker_Init  speed_tracker.o
    0x08012cac   0x08012cac   0x00000010   Code   RO         4722    i.Speed_Tracker_NewTask  speed_tracker.o
    0x08012cbc   0x08012cbc   0x00000024   Code   RO         4724    i.Speed_Tracker_Set_DownAcc  speed_tracker.o
    0x08012ce0   0x08012ce0   0x00000024   Code   RO         4725    i.Speed_Tracker_Set_UpAcc  speed_tracker.o
    0x08012d04   0x08012d04   0x0000000e   Code   RO         4283    i.Stockpile_Flash_Data_Begin  stockpile_f103cb.o
    0x08012d12   0x08012d12   0x00000002   PAD
    0x08012d14   0x08012d14   0x00000054   Code   RO         4284    i.Stockpile_Flash_Data_Empty  stockpile_f103cb.o
    0x08012d68   0x08012d68   0x00000004   Code   RO         4285    i.Stockpile_Flash_Data_End  stockpile_f103cb.o
    0x08012d6c   0x08012d6c   0x00000042   Code   RO         4287    i.Stockpile_Flash_Data_Write_Data16  stockpile_f103cb.o
    0x08012dae   0x08012dae   0x00000002   PAD
    0x08012db0   0x08012db0   0x00000050   Code   RO         5385    i.SysTick_Handler   loop_it.o
    0x08012e00   0x08012e00   0x00000060   Code   RO           14    i.SystemClock_Config  main.o
    0x08012e60   0x08012e60   0x00000048   Code   RO         3826    i.SystemInit        system_stm32f1xx.o
    0x08012ea8   0x08012ea8   0x00000014   Code   RO         5386    i.TIM3_IRQHandler   loop_it.o
    0x08012ebc   0x08012ebc   0x0000006c   Code   RO         2661    i.TIM_Base_SetConfig  stm32f1xx_hal_tim.o
    0x08012f28   0x08012f28   0x0000001a   Code   RO         2662    i.TIM_CCxChannelCmd  stm32f1xx_hal_tim.o
    0x08012f42   0x08012f42   0x00000014   Code   RO         2672    i.TIM_ETR_SetConfig  stm32f1xx_hal_tim.o
    0x08012f56   0x08012f56   0x00000002   PAD
    0x08012f58   0x08012f58   0x00000058   Code   RO         2674    i.TIM_OC1_SetConfig  stm32f1xx_hal_tim.o
    0x08012fb0   0x08012fb0   0x0000005c   Code   RO         2675    i.TIM_OC2_SetConfig  stm32f1xx_hal_tim.o
    0x0801300c   0x0801300c   0x00000058   Code   RO         2676    i.TIM_OC3_SetConfig  stm32f1xx_hal_tim.o
    0x08013064   0x08013064   0x00000044   Code   RO         2677    i.TIM_OC4_SetConfig  stm32f1xx_hal_tim.o
    0x080130a8   0x080130a8   0x00000086   Code   RO         2678    i.TIM_SlaveTimer_SetConfig  stm32f1xx_hal_tim.o
    0x0801312e   0x0801312e   0x00000022   Code   RO         2679    i.TIM_TI1_ConfigInputStage  stm32f1xx_hal_tim.o
    0x08013150   0x08013150   0x00000058   Code   RO         2680    i.TIM_TI1_SetConfig  stm32f1xx_hal_tim.o
    0x080131a8   0x080131a8   0x00000024   Code   RO         2681    i.TIM_TI2_ConfigInputStage  stm32f1xx_hal_tim.o
    0x080131cc   0x080131cc   0x00000036   Code   RO         2682    i.TIM_TI2_SetConfig  stm32f1xx_hal_tim.o
    0x08013202   0x08013202   0x00000010   Code   RO         3537    i.UART_DMAAbortOnError  stm32f1xx_hal_uart.o
    0x08013212   0x08013212   0x0000004a   Code   RO         3538    i.UART_DMAError     stm32f1xx_hal_uart.o
    0x0801325c   0x0801325c   0x0000003c   Code   RO         3539    i.UART_DMAReceiveCplt  stm32f1xx_hal_uart.o
    0x08013298   0x08013298   0x0000000a   Code   RO         3541    i.UART_DMARxHalfCplt  stm32f1xx_hal_uart.o
    0x080132a2   0x080132a2   0x00000002   PAD
    0x080132a4   0x080132a4   0x00000020   Code   RO         4194    i.UART_Dir_Control  uart_mixed.o
    0x080132c4   0x080132c4   0x0000001c   Code   RO         3547    i.UART_EndRxTransfer  stm32f1xx_hal_uart.o
    0x080132e0   0x080132e0   0x00000012   Code   RO         3548    i.UART_EndTxTransfer  stm32f1xx_hal_uart.o
    0x080132f2   0x080132f2   0x00000096   Code   RO         3549    i.UART_Receive_IT   stm32f1xx_hal_uart.o
    0x08013388   0x08013388   0x000000b8   Code   RO         3550    i.UART_SetConfig    stm32f1xx_hal_uart.o
    0x08013440   0x08013440   0x00000062   Code   RO         3551    i.UART_Transmit_IT  stm32f1xx_hal_uart.o
    0x080134a2   0x080134a2   0x00000002   PAD
    0x080134a4   0x080134a4   0x00000030   Code   RO         5387    i.USART1_IRQHandler  loop_it.o
    0x080134d4   0x080134d4   0x00000002   Code   RO          498    i.UsageFault_Handler  stm32f1xx_it.o
    0x080134d6   0x080134d6   0x00000002   PAD
    0x080134d8   0x080134d8   0x0000005c   Code   RO         5173    i.XDrive_REINui_Callback_ms  xdrive_ui.o
    0x08013534   0x08013534   0x000003a0   Code   RO         5174    i.XDrive_REINui_Init  xdrive_ui.o
    0x080138d4   0x080138d4   0x00000010   Code   RO         5175    i.XDrive_REINui_ToCalibration  xdrive_ui.o
    0x080138e4   0x080138e4   0x00000028   Code   RO         5695    i.__0sprintf        mc_w.l(printfa.o)
    0x0801390c   0x0801390c   0x00000020   Code   RO         1528    i.__NVIC_SetPriority  stm32f1xx_hal_cortex.o
    0x0801392c   0x0801392c   0x0000000e   Code   RO         5779    i.__scatterload_copy  mc_w.l(handlers.o)
    0x0801393a   0x0801393a   0x00000002   Code   RO         5780    i.__scatterload_null  mc_w.l(handlers.o)
    0x0801393c   0x0801393c   0x0000000e   Code   RO         5781    i.__scatterload_zeroinit  mc_w.l(handlers.o)
    0x0801394a   0x0801394a   0x00000002   PAD
    0x0801394c   0x0801394c   0x00000184   Code   RO         5700    i._fp_digits        mc_w.l(printfa.o)
    0x08013ad0   0x08013ad0   0x000006b4   Code   RO         5701    i._printf_core      mc_w.l(printfa.o)
    0x08014184   0x08014184   0x00000024   Code   RO         5702    i._printf_post_padding  mc_w.l(printfa.o)
    0x080141a8   0x080141a8   0x0000002e   Code   RO         5703    i._printf_pre_padding  mc_w.l(printfa.o)
    0x080141d6   0x080141d6   0x0000000a   Code   RO         5705    i._sputc            mc_w.l(printfa.o)
    0x080141e0   0x080141e0   0x00000070   Code   RO         5320    i.loop              loop.o
    0x08014250   0x08014250   0x00000070   Code   RO         5321    i.loop_second_base_1ms  loop.o
    0x080142c0   0x080142c0   0x0000001c   Code   RO           15    i.main              main.o
    0x080142dc   0x080142dc   0x00000034   Code   RO         5326    i.time_second_run   loop.o
    0x08014310   0x08014310   0x00000010   Data   RO         3827    .constdata          system_stm32f1xx.o
    0x08014320   0x08014320   0x00000008   Data   RO         3828    .constdata          system_stm32f1xx.o
    0x08014328   0x08014328   0x00000802   Data   RO         4268    .constdata          sin_form.o
    0x08014b2a   0x08014b2a   0x000019fa   Data   RO         5040    .constdata          ssd1306.o
    0x08016524   0x08016524   0x000008a0   Data   RO         5177    .constdata          xdrive_ui.o
    0x08016dc4   0x08016dc4   0x00000020   Data   RO         5777    Region$$Table       anon$$obj.o


    Execution Region RW_IRAM1 (Exec base: 0x20000000, Load base: 0x08016de4, Size: 0x00001448, Max: 0x00004f00, ABSOLUTE)

    Exec Addr    Load Addr    Size         Type   Attr      Idx    E Section Name        Object

    0x20000000   0x08016de4   0x0000000c   Data   RW         1065    .data               stm32f1xx_hal.o
    0x2000000c   0x08016df0   0x00000004   Data   RW         3829    .data               system_stm32f1xx.o
    0x20000010   0x08016df4   0x00000010   Data   RW         3885    .data               mt6816.o
    0x20000020   0x08016e04   0x0000000c   Data   RW         3936    .data               hw_elec.o
    0x2000002c   0x08016e10   0x00000006   Data   RW         4020    .data               signal_port.o
    0x20000032   0x08016e16   0x00000002   PAD
    0x20000034   0x08016e18   0x00000010   Data   RW         4291    .data               stockpile_f103cb.o
    0x20000044   0x08016e28   0x00000001   Data   RW         4390    .data               motor_control.o
    0x20000045   0x08016e29   0x00000003   PAD
    0x20000048   0x08016e2c   0x0000000c   Data   RW         5178    .data               xdrive_ui.o
    0x20000054   0x08016e38   0x0000001c   Data   RW         5327    .data               loop.o
    0x20000070   0x08016e54   0x00000002   Data   RW         5389    .data               loop_it.o
    0x20000072   0x08016e56   0x00000002   PAD
    0x20000074        -       0x000000a4   Zero   RW          187    .bss                adc.o
    0x20000118        -       0x000000b0   Zero   RW          342    .bss                spi.o
    0x200001c8        -       0x00000080   Zero   RW          382    .bss                tim.o
    0x20000248        -       0x000000d4   Zero   RW          438    .bss                usart.o
    0x2000031c   0x08016e56   0x00000004   PAD
    0x20000320        -       0x00000020   Zero   RW         1769    .bss                stm32f1xx_hal_flash.o
    0x20000340        -       0x00000058   Zero   RW         4019    .bss                signal_port.o
    0x20000398        -       0x00000320   Zero   RW         4199    .bss                uart_mixed.o
    0x200006b8        -       0x000000d4   Zero   RW         4389    .bss                motor_control.o
    0x2000078c        -       0x00000364   Zero   RW         4589    .bss                encode_cali.o
    0x20000af0        -       0x00000038   Zero   RW         4662    .bss                location_tracker.o
    0x20000b28        -       0x0000001c   Zero   RW         4726    .bss                speed_tracker.o
    0x20000b44        -       0x0000001c   Zero   RW         4785    .bss                current_tracker.o
    0x20000b60        -       0x00000038   Zero   RW         4844    .bss                move_reconstruct.o
    0x20000b98        -       0x0000001c   Zero   RW         4900    .bss                location_interp.o
    0x20000bb4        -       0x0000000c   Zero   RW         4939    .bss                power_detect.o
    0x20000bc0        -       0x00000018   Zero   RW         4977    .bss                button.o
    0x20000bd8        -       0x00000200   Zero   RW         5039    .bss                ssd1306.o
    0x20000dd8        -       0x00000258   Zero   RW         5176    .bss                xdrive_ui.o
    0x20001030        -       0x00000018   Zero   RW         5388    .bss                loop_it.o
    0x20001048        -       0x00000400   Zero   RW            1    STACK               startup_stm32f103xb.o


==============================================================================

Image component sizes


      Code (inc. data)   RO Data    RW Data    ZI Data      Debug   Object Name

       244         22          0          0        164       1269   adc.o
       236         28          0          0         24       3575   button.o
       296         30          0          0         28       3952   current_tracker.o
        40          4          0          0          0        728   dma.o
      1508         42          0          0        868       9988   encode_cali.o
       836        100          0          0          0       5542   gpio.o
       442         42          0         12          0       4436   hw_elec.o
        96         14          0          0         28       2218   location_interp.o
       732         52          0          0         56       5440   location_tracker.o
       276         20          0         28          0       2602   loop.o
       338         64          0          2         24       4601   loop_it.o
       126          8          0          0          0     448332   main.o
      2198        172          0          1        212      14797   motor_control.o
       412         38          0          0         56       4652   move_reconstruct.o
       316         32          0         16          0       3743   mt6816.o
        48          8          0          0         12       1070   power_detect.o
      1430        166          0          6         88      16458   signal_port.o
         0          0       2050          0          0        492   sin_form.o
       296         38          0          0         28       3858   speed_tracker.o
       400         38          0          0        176       1906   spi.o
      1330         46       6650          0        512      11766   ssd1306.o
        36          8        236          0       1024        784   startup_stm32f103xb.o
       164         28          0         12          0       5761   stm32f1xx_hal.o
      1112         58          0          0          0       8944   stm32f1xx_hal_adc.o
       200          6          0          0          0       1406   stm32f1xx_hal_adc_ex.o
       232         14          0          0          0      29465   stm32f1xx_hal_cortex.o
       816         36          0          0          0       5401   stm32f1xx_hal_dma.o
       396         48          0          0         32       4598   stm32f1xx_hal_flash.o
       240         26          0          0          0       3197   stm32f1xx_hal_flash_ex.o
       694         60          0          0          0       3722   stm32f1xx_hal_gpio.o
        60          8          0          0          0        842   stm32f1xx_hal_msp.o
      1284        102          0          0          0       5268   stm32f1xx_hal_rcc.o
       432         50          0          0          0       2557   stm32f1xx_hal_rcc_ex.o
      1130          0          0          0          0       6418   stm32f1xx_hal_spi.o
      2066         70          0          0          0      21293   stm32f1xx_hal_tim.o
        66          0          0          0          0       1272   stm32f1xx_hal_tim_ex.o
      1254         26          0          0          0      10671   stm32f1xx_hal_uart.o
        16          0          0          0          0     453980   stm32f1xx_it.o
       168          4          0         16          0       3590   stockpile_f103cb.o
        72         16         24          4          0       1131   system_stm32f1xx.o
       772         66          0          0        128       3809   tim.o
       198         14          0          0        800       3540   uart_mixed.o
       476         50          0          0        212       3673   usart.o
      5662       1638       2208         12        600      17963   xdrive_ui.o

    ----------------------------------------------------------------------
     29192       3292      11200        116       5076    1150710   Object Totals
         0          0         32          0          0          0   (incl. Generated)
        46          0          0          7          4          0   (incl. Padding)

    ----------------------------------------------------------------------

      Code (inc. data)   RO Data    RW Data    ZI Data      Debug   Library Member Name

         0          0          0          0          0          0   entry.o
         0          0          0          0          0          0   entry10a.o
         0          0          0          0          0          0   entry11a.o
         4          0          0          0          0          0   entry12b.o
         8          4          0          0          0          0   entry2.o
         4          0          0          0          0          0   entry5.o
         0          0          0          0          0          0   entry7b.o
         0          0          0          0          0          0   entry8b.o
         8          4          0          0          0          0   entry9a.o
        30          0          0          0          0          0   handlers.o
        36          8          0          0          0         68   init.o
         0          0          0          0          0          0   iusefp.o
        30          0          0          0          0         68   llshl.o
        36          0          0          0          0         68   llsshr.o
        32          0          0          0          0         68   llushr.o
        36          0          0          0          0         68   memcpya.o
        36          0          0          0          0        108   memseta.o
      2236         86          0          0          0        532   printfa.o
        14          0          0          0          0         68   strlen.o
        44          0          0          0          0         80   uidiv.o
        98          0          0          0          0         92   uldiv.o
        48          0          0          0          0         68   cdrcmple.o
       334          0          0          0          0        148   dadd.o
       222          0          0          0          0        100   ddiv.o
       186          0          0          0          0        176   depilogue.o
        48          0          0          0          0         68   dfixul.o
       228          0          0          0          0         96   dmul.o
       124          0          0          0          0         88   fdiv.o
       110          0          0          0          0        168   fepilogue.o
        50          0          0          0          0         68   ffixi.o
        18          0          0          0          0         68   fflti.o
       100          0          0          0          0         76   fmul.o

    ----------------------------------------------------------------------
      4124        102          0          0          0       2344   Library Totals
         4          0          0          0          0          0   (incl. Padding)

    ----------------------------------------------------------------------

      Code (inc. data)   RO Data    RW Data    ZI Data      Debug   Library Name

      2652        102          0          0          0       1220   mc_w.l
      1468          0          0          0          0       1124   mf_w.l

    ----------------------------------------------------------------------
      4124        102          0          0          0       2344   Library Totals

    ----------------------------------------------------------------------

==============================================================================


      Code (inc. data)   RO Data    RW Data    ZI Data      Debug   

     33316       3394      11200        116       5076    1137606   Grand Totals
     33316       3394      11200        116       5076    1137606   ELF Image Totals
     33316       3394      11200        116          0          0   ROM Totals

==============================================================================

    Total RO  Size (Code + RO Data)                44516 (  43.47kB)
    Total RW  Size (RW Data + ZI Data)              5192 (   5.07kB)
    Total ROM Size (Code + RO Data + RW Data)      44632 (  43.59kB)

==============================================================================

