<html>
<body>
<pre>
<h1>µVision Build Log</h1>
<h2>Tool Versions:</h2>
IDE-Version: ¦ÌVision V5.36.0.0
Copyright (C) 2021 ARM Ltd and ARM Germany GmbH. All rights reserved.
License Information: 133 Administrator, 33365, LIC=VGXG8-3BSHA-KP3ZY-IPAT3-5KIDZ-KGBWP
 
Tool Versions:
Toolchain:       MDK-ARM Plus  Version: 5.36.0.0
Toolchain Path:  D:\soft\keil_5\install\ARM\ARMCC\Bin
C Compiler:      Armcc.exe V5.06 update 7 (build 960)
Assembler:       Armasm.exe V5.06 update 7 (build 960)
Linker/Locator:  ArmLink.exe V5.06 update 7 (build 960)
Library Manager: ArmAr.exe V5.06 update 7 (build 960)
Hex Converter:   FromElf.exe V5.06 update 7 (build 960)
CPU DLL:         SARMCM3.DLL V5.36.0.0
Dialog DLL:      DCM.DLL V1.17.3.0
Target DLL:      STLink\ST-LINKIII-KEIL_SWO.dll V3.0.9.0
Dialog DLL:      TCM.DLL V1.53.0.0
 
<h2>Project:</h2>
d:\soft\XDrive-master\Firmware_APP\MDK-ARM\XDrive_APP.uvprojx
Project File Date:  06/21/2023

<h2>Output:</h2>
*** Using Compiler 'V5.06 update 7 (build 960)', folder: 'D:\soft\keil_5\install\ARM\ARMCC\Bin'
Build target 'XDrive_APP'
compiling gpio.c...
compiling kernel_port.c...
compiling main.c...
compiling spi.c...
compiling adc.c...
compiling dma.c...
compiling usart.c...
compiling tim.c...
compiling hw_elec.c...
compiling uart_mixed.c...
compiling mt6816.c...
compiling encode_cali.c...
compiling motor_control.c...
..\Control\motor_control.c(1005): warning:  #188-D: enumerated type mixed with another type
  			HAL_GPIO_WritePin(GPIOB, GPIO_PIN_1, SET);
..\Control\motor_control.c: 1 warning, 0 errors
compiling signal_port.c...
compiling stockpile_f103cb.c...
compiling Location_Tracker.c...
compiling Speed_Tracker.c...
compiling Current_Tracker.c...
compiling power_detect.c...
compiling Move_Reconstruct.c...
compiling xdrive_ui.c...
compiling button.c...
compiling Location_Interp.c...
compiling ssd1306.c...
compiling loop.c...
compiling loop_it.c...
linking...
Program Size: Code=33316 RO-data=11200 RW-data=116 ZI-data=5076  
FromELF: creating hex file...
After Build - User command #1: fromelf --bin ".\XDrive_APP\XDrive_APP.axf" --output ".\BIN\xdrive_app.bin"
".\XDrive_APP\XDrive_APP.axf" - 0 Error(s), 1 Warning(s).

<h2>Software Packages used:</h2>

Package Vendor: ARM
                http://www.keil.com/pack/ARM.CMSIS.5.8.0.pack
                ARM.CMSIS.5.8.0
                CMSIS (Common Microcontroller Software Interface Standard)
   * Component: CORE Version: 5.5.0

Package Vendor: Keil
                https://www.keil.com/pack/Keil.STM32F1xx_DFP.2.4.1.pack
                Keil.STM32F1xx_DFP.2.4.1
                STMicroelectronics STM32F1 Series Device Support, Drivers and Examples

<h2>Collection of Component include folders:</h2>
  .\RTE\_XDrive_APP
  D:\soft\keil_5\install\ARM\CMSIS\5.8.0\CMSIS\Core\Include
  D:\soft\keil_5\install\Keil\STM32F1xx_DFP\2.4.1\Device\Include

<h2>Collection of Component Files used:</h2>

   * Component: ARM::CMSIS:CORE:5.5.0
Build Time Elapsed:  00:00:16
</pre>
</body>
</html>
